[worker2/etth1_early_stop_v1] log -> results/logs/non_operator_remaining/worker2/etth1_early_stop_v1_gpu0.log
[worker2/etth1_early_stop_v1] [time_series_etth1_early_stop_v1] output_dir=results/time_series_etth1_early_stop_v1
[worker2/etth1_early_stop_v1] [time_series_etth1_early_stop_v1] gpu=0 seeds=0 1 2
[worker2/etth1_early_stop_v1] [time_series_etth1_early_stop_v1] model_pairs=transformer:dlinear independent_models=transformer
[worker2/etth1_early_stop_v1] [time_series_etth1_early_stop_v1] epochs=15 early_stop=2/4/0.0005
[worker2/etth1_early_stop_v1] [time_series_etth1_early_stop_v1] lambda=0.001 margin=0.02 topk=0.02 warmup=5
[worker2/etth1_early_stop_v1] [time_series_etth1_early_stop_v1] ssml_supervised_hotspot_alpha=0.5
[worker2/etth1_early_stop_v1] [time_series_etth1_early_stop_v1] ssml_gate_score_mode=peer_better_student_error
[worker2/etth1_early_stop_v1] [time_series_etth1_early_stop_v1] ssml_score_transform=none
[worker2/etth1_early_stop_v1] [time_series_etth1_early_stop_v1] ssml_guidance_mode=reweight_only
[worker2/etth1_early_stop_v1] [etth1_early_stop_v1/all_methods] log -> results/logs/time_series_etth1_early_stop_v1/all_methods.log
[worker2/etth1_early_stop_v1] [etth1_early_stop_v1/all_methods] [time_series] output_dir=results/time_series_etth1_early_stop_v1
[worker2/etth1_early_stop_v1] [etth1_early_stop_v1/all_methods] [time_series] methods=independent dml ssml
[worker2/etth1_early_stop_v1] [etth1_early_stop_v1/all_methods] [time_series] model_pairs=transformer:dlinear
[worker2/etth1_early_stop_v1] [etth1_early_stop_v1/all_methods] [time_series] ssml_topk_ratio=0.02
[worker2/etth1_early_stop_v1] [etth1_early_stop_v1/all_methods] [time_series] ssml_topk_scope=total
[worker2/etth1_early_stop_v1] [etth1_early_stop_v1/all_methods] [time_series] ssml_max_selected_ratio=1.0
[worker2/etth1_early_stop_v1] [etth1_early_stop_v1/all_methods] [time_series] ssml_adaptive_dense_threshold=1.1
[worker2/etth1_early_stop_v1] [etth1_early_stop_v1/all_methods] [time_series] ssml_adaptive_dense_topk_ratio=1.0
[worker2/etth1_early_stop_v1] [etth1_early_stop_v1/all_methods] [time_series] ssml_adaptive_dense_topk_scope=positive
[worker2/etth1_early_stop_v1] [etth1_early_stop_v1/all_methods] [time_series] ssml_adaptive_dense_max_selected_ratio=1.0
[worker2/etth1_early_stop_v1] [etth1_early_stop_v1/all_methods] [time_series] ssml_adaptive_dense_score_smoothing_kernel=-1
[worker2/etth1_early_stop_v1] [etth1_early_stop_v1/all_methods] [time_series] ssml_adaptive_dense_window_expand_kernel=-1
[worker2/etth1_early_stop_v1] [etth1_early_stop_v1/all_methods] [time_series] ssml_supervised_hotspot_alpha=0.5
[worker2/etth1_early_stop_v1] [etth1_early_stop_v1/all_methods] [time_series] ssml_supervised_weight_mode=score
[worker2/etth1_early_stop_v1] [etth1_early_stop_v1/all_methods] [time_series] ssml_gate_score_mode=peer_better_student_error
[worker2/etth1_early_stop_v1] [etth1_early_stop_v1/all_methods] [time_series] ssml_score_transform=none
[worker2/etth1_early_stop_v1] [etth1_early_stop_v1/all_methods] [time_series] ssml_positive_upper_quantile=1.0
[worker2/etth1_early_stop_v1] [etth1_early_stop_v1/all_methods] [time_series] ssml_guidance_mode=reweight_only
[worker2/etth1_early_stop_v1] [etth1_early_stop_v1/all_methods] [time_series] ssml_score_smoothing_kernel=1
[worker2/etth1_early_stop_v1] [etth1_early_stop_v1/all_methods] [time_series] ssml_window_score_kernel=1
[worker2/etth1_early_stop_v1] [etth1_early_stop_v1/all_methods] [time_series] ssml_window_expand_kernel=1
[worker2/etth1_early_stop_v1] [etth1_early_stop_v1/all_methods] [time_series] ssml_tail_start_ratio=0.0
[worker2/etth1_early_stop_v1] [etth1_early_stop_v1/all_methods] [time_series] ssml_residual_beta=1.0
[worker2/etth1_early_stop_v1] [etth1_early_stop_v1/all_methods] [time_series] ssml_ema_decay=0.0
[worker2/etth1_early_stop_v1] [etth1_early_stop_v1/all_methods] [time_series] ssml_imitation_space=raw
[worker2/etth1_early_stop_v1] [etth1_early_stop_v1/all_methods] [time_series] ssml_residual_space_kernel=9
[worker2/etth1_early_stop_v1] [etth1_early_stop_v1/all_methods] [time_series] ssml_conflict_aware_projection=0
[worker2/etth1_early_stop_v1] [etth1_early_stop_v1/all_methods] [time_series] ssml_freeze_peer=0
[worker2/etth1_early_stop_v1] [etth1_early_stop_v1/all_methods] [time_series] ssml_worse_only_update=0
[worker2/etth1_early_stop_v1] [etth1_early_stop_v1/all_methods] [time_series] ssml_anchor_weight=0.0
[worker2/etth1_early_stop_v1] [etth1_early_stop_v1/all_methods] [time_series] init_checkpoint_template=
[worker2/etth1_early_stop_v1] [etth1_early_stop_v1/all_methods] [time_series] peer_init_checkpoint_template=
[worker2/etth1_early_stop_v1] [etth1_early_stop_v1/all_methods] [time_series] early_stop_patience=2 early_stop_min_epochs=4 early_stop_min_delta=0.0005
[worker2/etth1_early_stop_v1] [etth1_early_stop_v1/all_methods] [time_series] live_plot_interval=1
[worker2/etth1_early_stop_v1] [etth1_early_stop_v1/all_methods] [time_series] dataset=etth1 model=transformer method=independent seed=0 pred_len=24
[worker2/etth1_early_stop_v1] [etth1_early_stop_v1/all_methods] [time_series] run_dir=results/time_series_etth1_early_stop_v1/time_series/etth1/transformer_independent_huber_seed0
[worker2/etth1_early_stop_v1] [etth1_early_stop_v1/all_methods] [time_series] params=419240
[worker2/etth1_early_stop_v1] [etth1_early_stop_v1/all_methods] [time_series][epoch 001] lambda=0.0000 g_scale=0.000 train_total=0.37145793 train_sup=0.37145793 train_imit=0.00000000 mean_w=0.0000 active=0.0000 s_dense=0.00 s_pos=0.0000 s_sel=0.0000 s_sel_pos=0.0000 s_hot_err=0.000000 s_bg_err=0.000000 s_gap=0.000000 conf_cos=0.0000 conf_proj=0.00 val_mse=0.37992328 val_mae=0.44718337
[worker2/etth1_early_stop_v1] [etth1_early_stop_v1/all_methods] [time_series][epoch 001] updated live plot
[worker2/etth1_early_stop_v1] [etth1_early_stop_v1/all_methods] [time_series][epoch 002] lambda=0.0000 g_scale=0.000 train_total=0.25402700 train_sup=0.25402700 train_imit=0.00000000 mean_w=0.0000 active=0.0000 s_dense=0.00 s_pos=0.0000 s_sel=0.0000 s_sel_pos=0.0000 s_hot_err=0.000000 s_bg_err=0.000000 s_gap=0.000000 conf_cos=0.0000 conf_proj=0.00 val_mse=0.32948072 val_mae=0.40009744
[worker2/etth1_early_stop_v1] [etth1_early_stop_v1/all_methods] [time_series][epoch 002] updated live plot
[worker2/etth1_early_stop_v1] [etth1_early_stop_v1/all_methods] [time_series][epoch 003] lambda=0.0000 g_scale=0.000 train_total=0.23370875 train_sup=0.23370875 train_imit=0.00000000 mean_w=0.0000 active=0.0000 s_dense=0.00 s_pos=0.0000 s_sel=0.0000 s_sel_pos=0.0000 s_hot_err=0.000000 s_bg_err=0.000000 s_gap=0.000000 conf_cos=0.0000 conf_proj=0.00 val_mse=0.32025378 val_mae=0.38539262
[worker2/etth1_early_stop_v1] [etth1_early_stop_v1/all_methods] [time_series][epoch 003] updated live plot
[worker2/etth1_early_stop_v1] [etth1_early_stop_v1/all_methods] [time_series][epoch 004] lambda=0.0000 g_scale=0.000 train_total=0.21922709 train_sup=0.21922709 train_imit=0.00000000 mean_w=0.0000 active=0.0000 s_dense=0.00 s_pos=0.0000 s_sel=0.0000 s_sel_pos=0.0000 s_hot_err=0.000000 s_bg_err=0.000000 s_gap=0.000000 conf_cos=0.0000 conf_proj=0.00 val_mse=0.35411596 val_mae=0.40959102
[worker2/etth1_early_stop_v1] [etth1_early_stop_v1/all_methods] [time_series][epoch 004] updated live plot
[worker2/etth1_early_stop_v1] [etth1_early_stop_v1/all_methods] [time_series][epoch 005] lambda=0.0000 g_scale=0.000 train_total=0.20603368 train_sup=0.20603368 train_imit=0.00000000 mean_w=0.0000 active=0.0000 s_dense=0.00 s_pos=0.0000 s_sel=0.0000 s_sel_pos=0.0000 s_hot_err=0.000000 s_bg_err=0.000000 s_gap=0.000000 conf_cos=0.0000 conf_proj=0.00 val_mse=0.34185399 val_mae=0.40166697
[worker2/etth1_early_stop_v1] [etth1_early_stop_v1/all_methods] [time_series][epoch 005] early stop: no val_mse improvement greater than 0.0005 for 2 epoch(s)
[worker2/etth1_early_stop_v1] [etth1_early_stop_v1/all_methods] [time_series][epoch 005] updated live plot
[worker2/etth1_early_stop_v1] [etth1_early_stop_v1/all_methods] [time_series] done
[worker2/etth1_early_stop_v1] [etth1_early_stop_v1/all_methods] [time_series] dataset=etth1 model=transformer method=independent seed=1 pred_len=24
[worker2/etth1_early_stop_v1] [etth1_early_stop_v1/all_methods] [time_series] run_dir=results/time_series_etth1_early_stop_v1/time_series/etth1/transformer_independent_huber_seed1
[worker2/etth1_early_stop_v1] [etth1_early_stop_v1/all_methods] [time_series] params=419240
[worker2/etth1_early_stop_v1] [etth1_early_stop_v1/all_methods] [time_series][epoch 001] lambda=0.0000 g_scale=0.000 train_total=0.35953160 train_sup=0.35953160 train_imit=0.00000000 mean_w=0.0000 active=0.0000 s_dense=0.00 s_pos=0.0000 s_sel=0.0000 s_sel_pos=0.0000 s_hot_err=0.000000 s_bg_err=0.000000 s_gap=0.000000 conf_cos=0.0000 conf_proj=0.00 val_mse=0.35243084 val_mae=0.41686134
[worker2/etth1_early_stop_v1] [etth1_early_stop_v1/all_methods] [time_series][epoch 001] updated live plot
[worker2/etth1_early_stop_v1] [etth1_early_stop_v1/all_methods] [time_series][epoch 002] lambda=0.0000 g_scale=0.000 train_total=0.25298466 train_sup=0.25298466 train_imit=0.00000000 mean_w=0.0000 active=0.0000 s_dense=0.00 s_pos=0.0000 s_sel=0.0000 s_sel_pos=0.0000 s_hot_err=0.000000 s_bg_err=0.000000 s_gap=0.000000 conf_cos=0.0000 conf_proj=0.00 val_mse=0.33108302 val_mae=0.39721116
[worker2/etth1_early_stop_v1] [etth1_early_stop_v1/all_methods] [time_series][epoch 002] updated live plot
[worker2/etth1_early_stop_v1] [etth1_early_stop_v1/all_methods] [time_series][epoch 003] lambda=0.0000 g_scale=0.000 train_total=0.23240797 train_sup=0.23240797 train_imit=0.00000000 mean_w=0.0000 active=0.0000 s_dense=0.00 s_pos=0.0000 s_sel=0.0000 s_sel_pos=0.0000 s_hot_err=0.000000 s_bg_err=0.000000 s_gap=0.000000 conf_cos=0.0000 conf_proj=0.00 val_mse=0.33214712 val_mae=0.39719616
[worker2/etth1_early_stop_v1] [etth1_early_stop_v1/all_methods] [time_series][epoch 003] updated live plot
[worker2/etth1_early_stop_v1] [etth1_early_stop_v1/all_methods] [time_series][epoch 004] lambda=0.0000 g_scale=0.000 train_total=0.21696299 train_sup=0.21696299 train_imit=0.00000000 mean_w=0.0000 active=0.0000 s_dense=0.00 s_pos=0.0000 s_sel=0.0000 s_sel_pos=0.0000 s_hot_err=0.000000 s_bg_err=0.000000 s_gap=0.000000 conf_cos=0.0000 conf_proj=0.00 val_mse=0.33562445 val_mae=0.40047580
[worker2/etth1_early_stop_v1] [etth1_early_stop_v1/all_methods] [time_series][epoch 004] updated live plot
[worker2/etth1_early_stop_v1] [etth1_early_stop_v1/all_methods] [time_series][epoch 005] lambda=0.0000 g_scale=0.000 train_total=0.20237066 train_sup=0.20237066 train_imit=0.00000000 mean_w=0.0000 active=0.0000 s_dense=0.00 s_pos=0.0000 s_sel=0.0000 s_sel_pos=0.0000 s_hot_err=0.000000 s_bg_err=0.000000 s_gap=0.000000 conf_cos=0.0000 conf_proj=0.00 val_mse=0.35829326 val_mae=0.41614442
[worker2/etth1_early_stop_v1] [etth1_early_stop_v1/all_methods] [time_series][epoch 005] early stop: no val_mse improvement greater than 0.0005 for 2 epoch(s)
[worker2/etth1_early_stop_v1] [etth1_early_stop_v1/all_methods] [time_series][epoch 005] updated live plot
[worker2/etth1_early_stop_v1] [etth1_early_stop_v1/all_methods] [time_series] done
[worker2/etth1_early_stop_v1] [etth1_early_stop_v1/all_methods] [time_series] dataset=etth1 model=transformer method=independent seed=2 pred_len=24
[worker2/etth1_early_stop_v1] [etth1_early_stop_v1/all_methods] [time_series] run_dir=results/time_series_etth1_early_stop_v1/time_series/etth1/transformer_independent_huber_seed2
[worker2/etth1_early_stop_v1] [etth1_early_stop_v1/all_methods] [time_series] params=419240
[worker2/etth1_early_stop_v1] [etth1_early_stop_v1/all_methods] [time_series][epoch 001] lambda=0.0000 g_scale=0.000 train_total=0.35958380 train_sup=0.35958380 train_imit=0.00000000 mean_w=0.0000 active=0.0000 s_dense=0.00 s_pos=0.0000 s_sel=0.0000 s_sel_pos=0.0000 s_hot_err=0.000000 s_bg_err=0.000000 s_gap=0.000000 conf_cos=0.0000 conf_proj=0.00 val_mse=0.34472570 val_mae=0.40909710
[worker2/etth1_early_stop_v1] [etth1_early_stop_v1/all_methods] [time_series][epoch 001] updated live plot
[worker2/etth1_early_stop_v1] [etth1_early_stop_v1/all_methods] [time_series][epoch 002] lambda=0.0000 g_scale=0.000 train_total=0.25298176 train_sup=0.25298176 train_imit=0.00000000 mean_w=0.0000 active=0.0000 s_dense=0.00 s_pos=0.0000 s_sel=0.0000 s_sel_pos=0.0000 s_hot_err=0.000000 s_bg_err=0.000000 s_gap=0.000000 conf_cos=0.0000 conf_proj=0.00 val_mse=0.33186446 val_mae=0.39553280
[worker2/etth1_early_stop_v1] [etth1_early_stop_v1/all_methods] [time_series][epoch 002] updated live plot
[worker2/etth1_early_stop_v1] [etth1_early_stop_v1/all_methods] [time_series][epoch 003] lambda=0.0000 g_scale=0.000 train_total=0.23403501 train_sup=0.23403501 train_imit=0.00000000 mean_w=0.0000 active=0.0000 s_dense=0.00 s_pos=0.0000 s_sel=0.0000 s_sel_pos=0.0000 s_hot_err=0.000000 s_bg_err=0.000000 s_gap=0.000000 conf_cos=0.0000 conf_proj=0.00 val_mse=0.33928260 val_mae=0.40165564
[worker2/etth1_early_stop_v1] [etth1_early_stop_v1/all_methods] [time_series][epoch 003] updated live plot
[worker2/etth1_early_stop_v1] [etth1_early_stop_v1/all_methods] [time_series][epoch 004] lambda=0.0000 g_scale=0.000 train_total=0.21863211 train_sup=0.21863211 train_imit=0.00000000 mean_w=0.0000 active=0.0000 s_dense=0.00 s_pos=0.0000 s_sel=0.0000 s_sel_pos=0.0000 s_hot_err=0.000000 s_bg_err=0.000000 s_gap=0.000000 conf_cos=0.0000 conf_proj=0.00 val_mse=0.31497489 val_mae=0.39018944
[worker2/etth1_early_stop_v1] [etth1_early_stop_v1/all_methods] [time_series][epoch 004] updated live plot
[worker2/etth1_early_stop_v1] [etth1_early_stop_v1/all_methods] [time_series][epoch 005] lambda=0.0000 g_scale=0.000 train_total=0.20764077 train_sup=0.20764077 train_imit=0.00000000 mean_w=0.0000 active=0.0000 s_dense=0.00 s_pos=0.0000 s_sel=0.0000 s_sel_pos=0.0000 s_hot_err=0.000000 s_bg_err=0.000000 s_gap=0.000000 conf_cos=0.0000 conf_proj=0.00 val_mse=0.33746772 val_mae=0.40262629
[worker2/etth1_early_stop_v1] [etth1_early_stop_v1/all_methods] [time_series][epoch 005] updated live plot
[worker2/etth1_early_stop_v1] [etth1_early_stop_v1/all_methods] [time_series][epoch 006] lambda=0.0000 g_scale=0.000 train_total=0.19633005 train_sup=0.19633005 train_imit=0.00000000 mean_w=0.0000 active=0.0000 s_dense=0.00 s_pos=0.0000 s_sel=0.0000 s_sel_pos=0.0000 s_hot_err=0.000000 s_bg_err=0.000000 s_gap=0.000000 conf_cos=0.0000 conf_proj=0.00 val_mse=0.33563157 val_mae=0.40060193
[worker2/etth1_early_stop_v1] [etth1_early_stop_v1/all_methods] [time_series][epoch 006] early stop: no val_mse improvement greater than 0.0005 for 2 epoch(s)
[worker2/etth1_early_stop_v1] [etth1_early_stop_v1/all_methods] [time_series][epoch 006] updated live plot
[worker2/etth1_early_stop_v1] [etth1_early_stop_v1/all_methods] [time_series] done
[worker2/etth1_early_stop_v1] [etth1_early_stop_v1/all_methods] [time_series] dataset=etth1 pair=transformer:dlinear method=dml seed=0 pred_len=24
[worker2/etth1_early_stop_v1] [etth1_early_stop_v1/all_methods] [time_series] run_dir=results/time_series_etth1_early_stop_v1/time_series/etth1/transformer__dlinear_dml_huber_seed0
[worker2/etth1_early_stop_v1] [etth1_early_stop_v1/all_methods] [time_series] params=419240
[worker2/etth1_early_stop_v1] [etth1_early_stop_v1/all_methods] [time_series][epoch 001] lambda=0.0010 g_scale=0.000 train_total=0.37419396 train_sup=0.37404429 train_imit=0.14966913 mean_w=0.0244 active=0.3960 s_dense=0.00 s_pos=0.0000 s_sel=0.0000 s_sel_pos=0.0000 s_hot_err=0.000000 s_bg_err=0.000000 s_gap=0.000000 conf_cos=0.0000 conf_proj=0.00 val_mse=0.34035560 val_mae=0.40124742 | p_pos=0.0000 p_dense=0.00 p_sel=0.0000 p_sel_pos=0.0000 p_hot_err=0.000000 p_bg_err=0.000000 p_gap=0.000000 peer_val_mse=0.31981392 peer_val_mae=0.38303833
[worker2/etth1_early_stop_v1] [etth1_early_stop_v1/all_methods] [time_series][epoch 001] updated live plot
[worker2/etth1_early_stop_v1] [etth1_early_stop_v1/all_methods] [time_series][epoch 002] lambda=0.0010 g_scale=0.000 train_total=0.25351362 train_sup=0.25340558 train_imit=0.10804114 mean_w=0.0228 active=0.4401 s_dense=0.00 s_pos=0.0000 s_sel=0.0000 s_sel_pos=0.0000 s_hot_err=0.000000 s_bg_err=0.000000 s_gap=0.000000 conf_cos=0.0000 conf_proj=0.00 val_mse=0.35295133 val_mae=0.41224213 | p_pos=0.0000 p_dense=0.00 p_sel=0.0000 p_sel_pos=0.0000 p_hot_err=0.000000 p_bg_err=0.000000 p_gap=0.000000 peer_val_mse=0.29962397 peer_val_mae=0.36847126
[worker2/etth1_early_stop_v1] [etth1_early_stop_v1/all_methods] [time_series][epoch 002] updated live plot
[worker2/etth1_early_stop_v1] [etth1_early_stop_v1/all_methods] [time_series][epoch 003] lambda=0.0010 g_scale=0.000 train_total=0.23496159 train_sup=0.23484765 train_imit=0.11394179 mean_w=0.0246 active=0.4621 s_dense=0.00 s_pos=0.0000 s_sel=0.0000 s_sel_pos=0.0000 s_hot_err=0.000000 s_bg_err=0.000000 s_gap=0.000000 conf_cos=0.0000 conf_proj=0.00 val_mse=0.32658857 val_mae=0.39876331 | p_pos=0.0000 p_dense=0.00 p_sel=0.0000 p_sel_pos=0.0000 p_hot_err=0.000000 p_bg_err=0.000000 p_gap=0.000000 peer_val_mse=0.29034021 peer_val_mae=0.36007829
[worker2/etth1_early_stop_v1] [etth1_early_stop_v1/all_methods] [time_series][epoch 003] updated live plot
[worker2/etth1_early_stop_v1] [etth1_early_stop_v1/all_methods] [time_series][epoch 004] lambda=0.0010 g_scale=0.000 train_total=0.21975347 train_sup=0.21962547 train_imit=0.12800166 mean_w=0.0278 active=0.4910 s_dense=0.00 s_pos=0.0000 s_sel=0.0000 s_sel_pos=0.0000 s_hot_err=0.000000 s_bg_err=0.000000 s_gap=0.000000 conf_cos=0.0000 conf_proj=0.00 val_mse=0.34418280 val_mae=0.41029753 | p_pos=0.0000 p_dense=0.00 p_sel=0.0000 p_sel_pos=0.0000 p_hot_err=0.000000 p_bg_err=0.000000 p_gap=0.000000 peer_val_mse=0.28587944 peer_val_mae=0.35524875
[worker2/etth1_early_stop_v1] [etth1_early_stop_v1/all_methods] [time_series][epoch 004] updated live plot
[worker2/etth1_early_stop_v1] [etth1_early_stop_v1/all_methods] [time_series][epoch 005] lambda=0.0010 g_scale=0.000 train_total=0.20803433 train_sup=0.20790363 train_imit=0.13069438 mean_w=0.0308 active=0.5176 s_dense=0.00 s_pos=0.0000 s_sel=0.0000 s_sel_pos=0.0000 s_hot_err=0.000000 s_bg_err=0.000000 s_gap=0.000000 conf_cos=0.0000 conf_proj=0.00 val_mse=0.37555373 val_mae=0.42807341 | p_pos=0.0000 p_dense=0.00 p_sel=0.0000 p_sel_pos=0.0000 p_hot_err=0.000000 p_bg_err=0.000000 p_gap=0.000000 peer_val_mse=0.28066214 peer_val_mae=0.34946677
[worker2/etth1_early_stop_v1] [etth1_early_stop_v1/all_methods] [time_series][epoch 005] early stop: no val_mse improvement greater than 0.0005 for 2 epoch(s)
[worker2/etth1_early_stop_v1] [etth1_early_stop_v1/all_methods] [time_series][epoch 005] updated live plot
[worker2/etth1_early_stop_v1] [etth1_early_stop_v1/all_methods] [time_series] done
[worker2/etth1_early_stop_v1] [etth1_early_stop_v1/all_methods] [time_series] dataset=etth1 pair=transformer:dlinear method=dml seed=1 pred_len=24
[worker2/etth1_early_stop_v1] [etth1_early_stop_v1/all_methods] [time_series] run_dir=results/time_series_etth1_early_stop_v1/time_series/etth1/transformer__dlinear_dml_huber_seed1
[worker2/etth1_early_stop_v1] [etth1_early_stop_v1/all_methods] [time_series] params=419240
[worker2/etth1_early_stop_v1] [etth1_early_stop_v1/all_methods] [time_series][epoch 001] lambda=0.0010 g_scale=0.000 train_total=0.36100173 train_sup=0.36086365 train_imit=0.13807620 mean_w=0.0286 active=0.4815 s_dense=0.00 s_pos=0.0000 s_sel=0.0000 s_sel_pos=0.0000 s_hot_err=0.000000 s_bg_err=0.000000 s_gap=0.000000 conf_cos=0.0000 conf_proj=0.00 val_mse=0.35293287 val_mae=0.42347557 | p_pos=0.0000 p_dense=0.00 p_sel=0.0000 p_sel_pos=0.0000 p_hot_err=0.000000 p_bg_err=0.000000 p_gap=0.000000 peer_val_mse=0.32393876 peer_val_mae=0.38970129
[worker2/etth1_early_stop_v1] [etth1_early_stop_v1/all_methods] [time_series][epoch 001] updated live plot
[worker2/etth1_early_stop_v1] [etth1_early_stop_v1/all_methods] [time_series][epoch 002] lambda=0.0010 g_scale=0.000 train_total=0.25284855 train_sup=0.25274351 train_imit=0.10503520 mean_w=0.0231 active=0.4612 s_dense=0.00 s_pos=0.0000 s_sel=0.0000 s_sel_pos=0.0000 s_hot_err=0.000000 s_bg_err=0.000000 s_gap=0.000000 conf_cos=0.0000 conf_proj=0.00 val_mse=0.34063639 val_mae=0.40815969 | p_pos=0.0000 p_dense=0.00 p_sel=0.0000 p_sel_pos=0.0000 p_hot_err=0.000000 p_bg_err=0.000000 p_gap=0.000000 peer_val_mse=0.29896685 peer_val_mae=0.36820219
[worker2/etth1_early_stop_v1] [etth1_early_stop_v1/all_methods] [time_series][epoch 002] updated live plot
[worker2/etth1_early_stop_v1] [etth1_early_stop_v1/all_methods] [time_series][epoch 003] lambda=0.0010 g_scale=0.000 train_total=0.23191374 train_sup=0.23180510 train_imit=0.10864080 mean_w=0.0256 active=0.4879 s_dense=0.00 s_pos=0.0000 s_sel=0.0000 s_sel_pos=0.0000 s_hot_err=0.000000 s_bg_err=0.000000 s_gap=0.000000 conf_cos=0.0000 conf_proj=0.00 val_mse=0.33029371 val_mae=0.39909642 | p_pos=0.0000 p_dense=0.00 p_sel=0.0000 p_sel_pos=0.0000 p_hot_err=0.000000 p_bg_err=0.000000 p_gap=0.000000 peer_val_mse=0.28834958 peer_val_mae=0.35670964
[worker2/etth1_early_stop_v1] [etth1_early_stop_v1/all_methods] [time_series][epoch 003] updated live plot
[worker2/etth1_early_stop_v1] [etth1_early_stop_v1/all_methods] [time_series][epoch 004] lambda=0.0010 g_scale=0.000 train_total=0.21525857 train_sup=0.21513594 train_imit=0.12263276 mean_w=0.0292 active=0.5220 s_dense=0.00 s_pos=0.0000 s_sel=0.0000 s_sel_pos=0.0000 s_hot_err=0.000000 s_bg_err=0.000000 s_gap=0.000000 conf_cos=0.0000 conf_proj=0.00 val_mse=0.31435049 val_mae=0.38417176 | p_pos=0.0000 p_dense=0.00 p_sel=0.0000 p_sel_pos=0.0000 p_hot_err=0.000000 p_bg_err=0.000000 p_gap=0.000000 peer_val_mse=0.28649980 peer_val_mae=0.35659925
[worker2/etth1_early_stop_v1] [etth1_early_stop_v1/all_methods] [time_series][epoch 004] updated live plot
[worker2/etth1_early_stop_v1] [etth1_early_stop_v1/all_methods] [time_series][epoch 005] lambda=0.0010 g_scale=0.000 train_total=0.20343316 train_sup=0.20330295 train_imit=0.13020859 mean_w=0.0323 active=0.5431 s_dense=0.00 s_pos=0.0000 s_sel=0.0000 s_sel_pos=0.0000 s_hot_err=0.000000 s_bg_err=0.000000 s_gap=0.000000 conf_cos=0.0000 conf_proj=0.00 val_mse=0.32672692 val_mae=0.39538573 | p_pos=0.0000 p_dense=0.00 p_sel=0.0000 p_sel_pos=0.0000 p_hot_err=0.000000 p_bg_err=0.000000 p_gap=0.000000 peer_val_mse=0.28069898 peer_val_mae=0.35011945
[worker2/etth1_early_stop_v1] [etth1_early_stop_v1/all_methods] [time_series][epoch 005] updated live plot
[worker2/etth1_early_stop_v1] [etth1_early_stop_v1/all_methods] [time_series][epoch 006] lambda=0.0010 g_scale=0.000 train_total=0.19182557 train_sup=0.19168537 train_imit=0.14020120 mean_w=0.0355 active=0.5688 s_dense=0.00 s_pos=0.0000 s_sel=0.0000 s_sel_pos=0.0000 s_hot_err=0.000000 s_bg_err=0.000000 s_gap=0.000000 conf_cos=0.0000 conf_proj=0.00 val_mse=0.34368823 val_mae=0.41097476 | p_pos=0.0000 p_dense=0.00 p_sel=0.0000 p_sel_pos=0.0000 p_hot_err=0.000000 p_bg_err=0.000000 p_gap=0.000000 peer_val_mse=0.27970727 peer_val_mae=0.34911553
[worker2/etth1_early_stop_v1] [etth1_early_stop_v1/all_methods] [time_series][epoch 006] early stop: no val_mse improvement greater than 0.0005 for 2 epoch(s)
[worker2/etth1_early_stop_v1] [etth1_early_stop_v1/all_methods] [time_series][epoch 006] updated live plot
[worker2/etth1_early_stop_v1] [etth1_early_stop_v1/all_methods] [time_series] done
[worker2/etth1_early_stop_v1] [etth1_early_stop_v1/all_methods] [time_series] dataset=etth1 pair=transformer:dlinear method=dml seed=2 pred_len=24
[worker2/etth1_early_stop_v1] [etth1_early_stop_v1/all_methods] [time_series] run_dir=results/time_series_etth1_early_stop_v1/time_series/etth1/transformer__dlinear_dml_huber_seed2
[worker2/etth1_early_stop_v1] [etth1_early_stop_v1/all_methods] [time_series] params=419240
[worker2/etth1_early_stop_v1] [etth1_early_stop_v1/all_methods] [time_series][epoch 001] lambda=0.0010 g_scale=0.000 train_total=0.36116406 train_sup=0.36101600 train_imit=0.14806353 mean_w=0.0345 active=0.4940 s_dense=0.00 s_pos=0.0000 s_sel=0.0000 s_sel_pos=0.0000 s_hot_err=0.000000 s_bg_err=0.000000 s_gap=0.000000 conf_cos=0.0000 conf_proj=0.00 val_mse=0.34526041 val_mae=0.40833174 | p_pos=0.0000 p_dense=0.00 p_sel=0.0000 p_sel_pos=0.0000 p_hot_err=0.000000 p_bg_err=0.000000 p_gap=0.000000 peer_val_mse=0.32379291 peer_val_mae=0.38684242
[worker2/etth1_early_stop_v1] [etth1_early_stop_v1/all_methods] [time_series][epoch 001] updated live plot
[worker2/etth1_early_stop_v1] [etth1_early_stop_v1/all_methods] [time_series][epoch 002] lambda=0.0010 g_scale=0.000 train_total=0.25294240 train_sup=0.25283818 train_imit=0.10421742 mean_w=0.0227 active=0.4543 s_dense=0.00 s_pos=0.0000 s_sel=0.0000 s_sel_pos=0.0000 s_hot_err=0.000000 s_bg_err=0.000000 s_gap=0.000000 conf_cos=0.0000 conf_proj=0.00 val_mse=0.33623343 val_mae=0.39893893 | p_pos=0.0000 p_dense=0.00 p_sel=0.0000 p_sel_pos=0.0000 p_hot_err=0.000000 p_bg_err=0.000000 p_gap=0.000000 peer_val_mse=0.29736309 peer_val_mae=0.36487680
[worker2/etth1_early_stop_v1] [etth1_early_stop_v1/all_methods] [time_series][epoch 002] updated live plot
[worker2/etth1_early_stop_v1] [etth1_early_stop_v1/all_methods] [time_series][epoch 003] lambda=0.0010 g_scale=0.000 train_total=0.23288801 train_sup=0.23277917 train_imit=0.10883789 mean_w=0.0249 active=0.4746 s_dense=0.00 s_pos=0.0000 s_sel=0.0000 s_sel_pos=0.0000 s_hot_err=0.000000 s_bg_err=0.000000 s_gap=0.000000 conf_cos=0.0000 conf_proj=0.00 val_mse=0.34386912 val_mae=0.40788809 | p_pos=0.0000 p_dense=0.00 p_sel=0.0000 p_sel_pos=0.0000 p_hot_err=0.000000 p_bg_err=0.000000 p_gap=0.000000 peer_val_mse=0.28965437 peer_val_mae=0.35995620
[worker2/etth1_early_stop_v1] [etth1_early_stop_v1/all_methods] [time_series][epoch 003] updated live plot
[worker2/etth1_early_stop_v1] [etth1_early_stop_v1/all_methods] [time_series][epoch 004] lambda=0.0010 g_scale=0.000 train_total=0.21924828 train_sup=0.21912412 train_imit=0.12415760 mean_w=0.0276 active=0.4904 s_dense=0.00 s_pos=0.0000 s_sel=0.0000 s_sel_pos=0.0000 s_hot_err=0.000000 s_bg_err=0.000000 s_gap=0.000000 conf_cos=0.0000 conf_proj=0.00 val_mse=0.34687317 val_mae=0.41208972 | p_pos=0.0000 p_dense=0.00 p_sel=0.0000 p_sel_pos=0.0000 p_hot_err=0.000000 p_bg_err=0.000000 p_gap=0.000000 peer_val_mse=0.28474368 peer_val_mae=0.35488387
[worker2/etth1_early_stop_v1] [etth1_early_stop_v1/all_methods] [time_series][epoch 004] updated live plot
[worker2/etth1_early_stop_v1] [etth1_early_stop_v1/all_methods] [time_series][epoch 005] lambda=0.0010 g_scale=0.000 train_total=0.20486867 train_sup=0.20473489 train_imit=0.13378601 mean_w=0.0313 active=0.5299 s_dense=0.00 s_pos=0.0000 s_sel=0.0000 s_sel_pos=0.0000 s_hot_err=0.000000 s_bg_err=0.000000 s_gap=0.000000 conf_cos=0.0000 conf_proj=0.00 val_mse=0.33893569 val_mae=0.40708685 | p_pos=0.0000 p_dense=0.00 p_sel=0.0000 p_sel_pos=0.0000 p_hot_err=0.000000 p_bg_err=0.000000 p_gap=0.000000 peer_val_mse=0.28219234 peer_val_mae=0.35135736
[worker2/etth1_early_stop_v1] [etth1_early_stop_v1/all_methods] [time_series][epoch 005] early stop: no val_mse improvement greater than 0.0005 for 2 epoch(s)
[worker2/etth1_early_stop_v1] [etth1_early_stop_v1/all_methods] [time_series][epoch 005] updated live plot
[worker2/etth1_early_stop_v1] [etth1_early_stop_v1/all_methods] [time_series] done
[worker2/etth1_early_stop_v1] [etth1_early_stop_v1/all_methods] [time_series] dataset=etth1 pair=transformer:dlinear method=ssml seed=0 pred_len=24
[worker2/etth1_early_stop_v1] [etth1_early_stop_v1/all_methods] [time_series] run_dir=results/time_series_etth1_early_stop_v1/time_series/etth1/transformer__dlinear_ssml_huber_seed0
[worker2/etth1_early_stop_v1] [etth1_early_stop_v1/all_methods] [time_series] params=419240
[worker2/etth1_early_stop_v1] [etth1_early_stop_v1/all_methods] [time_series][epoch 001] lambda=0.0000 g_scale=0.000 train_total=0.37405039 train_sup=0.37405039 train_imit=0.00000000 mean_w=0.0000 active=0.0000 s_dense=0.00 s_pos=0.4267 s_sel=0.0000 s_sel_pos=0.0000 s_hot_err=0.000000 s_bg_err=0.374050 s_gap=0.000000 conf_cos=0.0000 conf_proj=0.00 val_mse=0.33999680 val_mae=0.40103957 | p_pos=0.4008 p_dense=0.00 p_sel=0.0000 p_sel_pos=0.0000 p_hot_err=0.000000 p_bg_err=0.385417 p_gap=0.000000 peer_val_mse=0.31982819 peer_val_mae=0.38304872
[worker2/etth1_early_stop_v1] [etth1_early_stop_v1/all_methods] [time_series][epoch 001] updated live plot
[worker2/etth1_early_stop_v1] [etth1_early_stop_v1/all_methods] [time_series][epoch 002] lambda=0.0000 g_scale=0.000 train_total=0.25335051 train_sup=0.25335051 train_imit=0.00000000 mean_w=0.0000 active=0.0000 s_dense=0.00 s_pos=0.3871 s_sel=0.0000 s_sel_pos=0.0000 s_hot_err=0.000000 s_bg_err=0.253351 s_gap=0.000000 conf_cos=0.0000 conf_proj=0.00 val_mse=0.35459742 val_mae=0.41389335 | p_pos=0.3868 p_dense=0.00 p_sel=0.0000 p_sel_pos=0.0000 p_hot_err=0.000000 p_bg_err=0.283093 p_gap=0.000000 peer_val_mse=0.29963681 peer_val_mae=0.36848174
[worker2/etth1_early_stop_v1] [etth1_early_stop_v1/all_methods] [time_series][epoch 002] updated live plot
[worker2/etth1_early_stop_v1] [etth1_early_stop_v1/all_methods] [time_series][epoch 003] lambda=0.0000 g_scale=0.000 train_total=0.23504078 train_sup=0.23504078 train_imit=0.00000000 mean_w=0.0000 active=0.0000 s_dense=0.00 s_pos=0.3778 s_sel=0.0000 s_sel_pos=0.0000 s_hot_err=0.000000 s_bg_err=0.235041 s_gap=0.000000 conf_cos=0.0000 conf_proj=0.00 val_mse=0.32575240 val_mae=0.39943419 | p_pos=0.3824 p_dense=0.00 p_sel=0.0000 p_sel_pos=0.0000 p_hot_err=0.000000 p_bg_err=0.271200 p_gap=0.000000 peer_val_mse=0.29035057 peer_val_mae=0.36008345
[worker2/etth1_early_stop_v1] [etth1_early_stop_v1/all_methods] [time_series][epoch 003] updated live plot
[worker2/etth1_early_stop_v1] [etth1_early_stop_v1/all_methods] [time_series][epoch 004] lambda=0.0000 g_scale=0.000 train_total=0.21990342 train_sup=0.21990342 train_imit=0.00000000 mean_w=0.0000 active=0.0000 s_dense=0.00 s_pos=0.3683 s_sel=0.0000 s_sel_pos=0.0000 s_hot_err=0.000000 s_bg_err=0.219903 s_gap=0.000000 conf_cos=0.0000 conf_proj=0.00 val_mse=0.34726971 val_mae=0.41311506 | p_pos=0.3835 p_dense=0.00 p_sel=0.0000 p_sel_pos=0.0000 p_hot_err=0.000000 p_bg_err=0.265319 p_gap=0.000000 peer_val_mse=0.28589180 peer_val_mae=0.35526012
[worker2/etth1_early_stop_v1] [etth1_early_stop_v1/all_methods] [time_series][epoch 004] updated live plot
[worker2/etth1_early_stop_v1] [etth1_early_stop_v1/all_methods] [time_series][epoch 005] lambda=0.0000 g_scale=0.000 train_total=0.20741855 train_sup=0.20741855 train_imit=0.00000000 mean_w=0.0000 active=0.0000 s_dense=0.00 s_pos=0.3581 s_sel=0.0000 s_sel_pos=0.0000 s_hot_err=0.000000 s_bg_err=0.207419 s_gap=0.000000 conf_cos=0.0000 conf_proj=0.00 val_mse=0.36832948 val_mae=0.42187911 | p_pos=0.3884 p_dense=0.00 p_sel=0.0000 p_sel_pos=0.0000 p_hot_err=0.000000 p_bg_err=0.262027 p_gap=0.000000 peer_val_mse=0.28067426 peer_val_mae=0.34947793
[worker2/etth1_early_stop_v1] [etth1_early_stop_v1/all_methods] [time_series][epoch 005] early stop: no val_mse improvement greater than 0.0005 for 2 epoch(s)
[worker2/etth1_early_stop_v1] [etth1_early_stop_v1/all_methods] [time_series][epoch 005] updated live plot
[worker2/etth1_early_stop_v1] [etth1_early_stop_v1/all_methods] [time_series][ssml_diag] gate_mode=peer_better_student_error score_transform=none window_score_k=1 smooth_k=1 expand_k=1 tail_start=0.00 residual_beta=1.000 ema_decay=0.000 weight_mode=score freeze_peer=False worse_only=False anchor_w=0.00000 imit_space=raw residual_space_k=9 conflict_proj=0 topk_scope=total max_sel=1.000 adaptive_dense_thr=1.100 positive_upper_q=1.000 guidance_schedule=warmup_then_decay first_active_epoch=None best_before_active=0.32575240@3 best_after_active=none
[worker2/etth1_early_stop_v1] [etth1_early_stop_v1/all_methods] [time_series] done
[worker2/etth1_early_stop_v1] [etth1_early_stop_v1/all_methods] [time_series] dataset=etth1 pair=transformer:dlinear method=ssml seed=1 pred_len=24
[worker2/etth1_early_stop_v1] [etth1_early_stop_v1/all_methods] [time_series] run_dir=results/time_series_etth1_early_stop_v1/time_series/etth1/transformer__dlinear_ssml_huber_seed1
[worker2/etth1_early_stop_v1] [etth1_early_stop_v1/all_methods] [time_series] params=419240
[worker2/etth1_early_stop_v1] [etth1_early_stop_v1/all_methods] [time_series][epoch 001] lambda=0.0000 g_scale=0.000 train_total=0.36092656 train_sup=0.36092656 train_imit=0.00000000 mean_w=0.0000 active=0.0000 s_dense=0.00 s_pos=0.4118 s_sel=0.0000 s_sel_pos=0.0000 s_hot_err=0.000000 s_bg_err=0.360927 s_gap=0.000000 conf_cos=0.0000 conf_proj=0.00 val_mse=0.35296811 val_mae=0.42332586 | p_pos=0.4135 p_dense=0.00 p_sel=0.0000 p_sel_pos=0.0000 p_hot_err=0.000000 p_bg_err=0.399038 p_gap=0.000000 peer_val_mse=0.32395082 peer_val_mae=0.38970986
[worker2/etth1_early_stop_v1] [etth1_early_stop_v1/all_methods] [time_series][epoch 001] updated live plot
[worker2/etth1_early_stop_v1] [etth1_early_stop_v1/all_methods] [time_series][epoch 002] lambda=0.0000 g_scale=0.000 train_total=0.25282467 train_sup=0.25282467 train_imit=0.00000000 mean_w=0.0000 active=0.0000 s_dense=0.00 s_pos=0.3858 s_sel=0.0000 s_sel_pos=0.0000 s_hot_err=0.000000 s_bg_err=0.252825 s_gap=0.000000 conf_cos=0.0000 conf_proj=0.00 val_mse=0.34225053 val_mae=0.40856460 | p_pos=0.3894 p_dense=0.00 p_sel=0.0000 p_sel_pos=0.0000 p_hot_err=0.000000 p_bg_err=0.284087 p_gap=0.000000 peer_val_mse=0.29898011 peer_val_mae=0.36821472
[worker2/etth1_early_stop_v1] [etth1_early_stop_v1/all_methods] [time_series][epoch 002] updated live plot
[worker2/etth1_early_stop_v1] [etth1_early_stop_v1/all_methods] [time_series][epoch 003] lambda=0.0000 g_scale=0.000 train_total=0.23173098 train_sup=0.23173098 train_imit=0.00000000 mean_w=0.0000 active=0.0000 s_dense=0.00 s_pos=0.3722 s_sel=0.0000 s_sel_pos=0.0000 s_hot_err=0.000000 s_bg_err=0.231731 s_gap=0.000000 conf_cos=0.0000 conf_proj=0.00 val_mse=0.33238300 val_mae=0.40041136 | p_pos=0.3866 p_dense=0.00 p_sel=0.0000 p_sel_pos=0.0000 p_hot_err=0.000000 p_bg_err=0.271793 p_gap=0.000000 peer_val_mse=0.28835696 peer_val_mae=0.35671397
[worker2/etth1_early_stop_v1] [etth1_early_stop_v1/all_methods] [time_series][epoch 003] updated live plot
[worker2/etth1_early_stop_v1] [etth1_early_stop_v1/all_methods] [time_series][epoch 004] lambda=0.0000 g_scale=0.000 train_total=0.21530733 train_sup=0.21530733 train_imit=0.00000000 mean_w=0.0000 active=0.0000 s_dense=0.00 s_pos=0.3615 s_sel=0.0000 s_sel_pos=0.0000 s_hot_err=0.000000 s_bg_err=0.215307 s_gap=0.000000 conf_cos=0.0000 conf_proj=0.00 val_mse=0.31868033 val_mae=0.38814734 | p_pos=0.3880 p_dense=0.00 p_sel=0.0000 p_sel_pos=0.0000 p_hot_err=0.000000 p_bg_err=0.265915 p_gap=0.000000 peer_val_mse=0.28650655 peer_val_mae=0.35660237
[worker2/etth1_early_stop_v1] [etth1_early_stop_v1/all_methods] [time_series][epoch 004] updated live plot
[worker2/etth1_early_stop_v1] [etth1_early_stop_v1/all_methods] [time_series][epoch 005] lambda=0.0000 g_scale=0.000 train_total=0.20363746 train_sup=0.20363746 train_imit=0.00000000 mean_w=0.0000 active=0.0000 s_dense=0.00 s_pos=0.3559 s_sel=0.0000 s_sel_pos=0.0000 s_hot_err=0.000000 s_bg_err=0.203637 s_gap=0.000000 conf_cos=0.0000 conf_proj=0.00 val_mse=0.32954635 val_mae=0.40003541 | p_pos=0.3904 p_dense=0.00 p_sel=0.0000 p_sel_pos=0.0000 p_hot_err=0.000000 p_bg_err=0.262244 p_gap=0.000000 peer_val_mse=0.28070840 peer_val_mae=0.35012932
[worker2/etth1_early_stop_v1] [etth1_early_stop_v1/all_methods] [time_series][epoch 005] updated live plot
[worker2/etth1_early_stop_v1] [etth1_early_stop_v1/all_methods] [time_series][epoch 006] lambda=0.0010 g_scale=1.000 train_total=0.20871600 train_sup=0.20871600 train_imit=0.00000000 mean_w=1.4249 active=0.0238 s_dense=0.00 s_pos=0.3484 s_sel=0.0238 s_sel_pos=0.0684 s_hot_err=1.424850 s_bg_err=0.162442 s_gap=0.671976 conf_cos=0.0000 conf_proj=0.00 val_mse=0.35971157 val_mae=0.42315664 | p_pos=0.3953 p_dense=0.00 p_sel=0.0238 p_sel_pos=0.0603 p_hot_err=2.317997 p_bg_err=0.210093 p_gap=1.308415 peer_val_mse=0.28046479 peer_val_mae=0.35022583
[worker2/etth1_early_stop_v1] [etth1_early_stop_v1/all_methods] [time_series][epoch 006] early stop: no val_mse improvement greater than 0.0005 for 2 epoch(s)
[worker2/etth1_early_stop_v1] [etth1_early_stop_v1/all_methods] [time_series][epoch 006] updated live plot
[worker2/etth1_early_stop_v1] [etth1_early_stop_v1/all_methods] [time_series][ssml_diag] gate_mode=peer_better_student_error score_transform=none window_score_k=1 smooth_k=1 expand_k=1 tail_start=0.00 residual_beta=1.000 ema_decay=0.000 weight_mode=score freeze_peer=False worse_only=False anchor_w=0.00000 imit_space=raw residual_space_k=9 conflict_proj=0 topk_scope=total max_sel=1.000 adaptive_dense_thr=1.100 positive_upper_q=1.000 guidance_schedule=warmup_then_decay first_active_epoch=6 best_before_active=0.31868033@4 best_after_active=0.35971157@6
[worker2/etth1_early_stop_v1] [etth1_early_stop_v1/all_methods] [time_series] done
[worker2/etth1_early_stop_v1] [etth1_early_stop_v1/all_methods] [time_series] dataset=etth1 pair=transformer:dlinear method=ssml seed=2 pred_len=24
[worker2/etth1_early_stop_v1] [etth1_early_stop_v1/all_methods] [time_series] run_dir=results/time_series_etth1_early_stop_v1/time_series/etth1/transformer__dlinear_ssml_huber_seed2
[worker2/etth1_early_stop_v1] [etth1_early_stop_v1/all_methods] [time_series] params=419240
[worker2/etth1_early_stop_v1] [etth1_early_stop_v1/all_methods] [time_series][epoch 001] lambda=0.0000 g_scale=0.000 train_total=0.36106618 train_sup=0.36106618 train_imit=0.00000000 mean_w=0.0000 active=0.0000 s_dense=0.00 s_pos=0.4104 s_sel=0.0000 s_sel_pos=0.0000 s_hot_err=0.000000 s_bg_err=0.361066 s_gap=0.000000 conf_cos=0.0000 conf_proj=0.00 val_mse=0.34498365 val_mae=0.40805868 | p_pos=0.4176 p_dense=0.00 p_sel=0.0000 p_sel_pos=0.0000 p_hot_err=0.000000 p_bg_err=0.412564 p_gap=0.000000 peer_val_mse=0.32380691 peer_val_mae=0.38685180
[worker2/etth1_early_stop_v1] [etth1_early_stop_v1/all_methods] [time_series][epoch 001] updated live plot
[worker2/etth1_early_stop_v1] [etth1_early_stop_v1/all_methods] [time_series][epoch 002] lambda=0.0000 g_scale=0.000 train_total=0.25281312 train_sup=0.25281312 train_imit=0.00000000 mean_w=0.0000 active=0.0000 s_dense=0.00 s_pos=0.3840 s_sel=0.0000 s_sel_pos=0.0000 s_hot_err=0.000000 s_bg_err=0.252813 s_gap=0.000000 conf_cos=0.0000 conf_proj=0.00 val_mse=0.33883050 val_mae=0.40081355 | p_pos=0.3877 p_dense=0.00 p_sel=0.0000 p_sel_pos=0.0000 p_hot_err=0.000000 p_bg_err=0.284059 p_gap=0.000000 peer_val_mse=0.29737497 peer_val_mae=0.36488458
[worker2/etth1_early_stop_v1] [etth1_early_stop_v1/all_methods] [time_series][epoch 002] updated live plot
[worker2/etth1_early_stop_v1] [etth1_early_stop_v1/all_methods] [time_series][epoch 003] lambda=0.0000 g_scale=0.000 train_total=0.23272680 train_sup=0.23272680 train_imit=0.00000000 mean_w=0.0000 active=0.0000 s_dense=0.00 s_pos=0.3743 s_sel=0.0000 s_sel_pos=0.0000 s_hot_err=0.000000 s_bg_err=0.232727 s_gap=0.000000 conf_cos=0.0000 conf_proj=0.00 val_mse=0.34209605 val_mae=0.40674107 | p_pos=0.3830 p_dense=0.00 p_sel=0.0000 p_sel_pos=0.0000 p_hot_err=0.000000 p_bg_err=0.271071 p_gap=0.000000 peer_val_mse=0.28966266 peer_val_mae=0.35996053
[worker2/etth1_early_stop_v1] [etth1_early_stop_v1/all_methods] [time_series][epoch 003] updated live plot
[worker2/etth1_early_stop_v1] [etth1_early_stop_v1/all_methods] [time_series][epoch 004] lambda=0.0000 g_scale=0.000 train_total=0.21854920 train_sup=0.21854920 train_imit=0.00000000 mean_w=0.0000 active=0.0000 s_dense=0.00 s_pos=0.3662 s_sel=0.0000 s_sel_pos=0.0000 s_hot_err=0.000000 s_bg_err=0.218549 s_gap=0.000000 conf_cos=0.0000 conf_proj=0.00 val_mse=0.34811828 val_mae=0.41397813 | p_pos=0.3833 p_dense=0.00 p_sel=0.0000 p_sel_pos=0.0000 p_hot_err=0.000000 p_bg_err=0.265025 p_gap=0.000000 peer_val_mse=0.28474738 peer_val_mae=0.35488142
[worker2/etth1_early_stop_v1] [etth1_early_stop_v1/all_methods] [time_series][epoch 004] updated live plot
[worker2/etth1_early_stop_v1] [etth1_early_stop_v1/all_methods] [time_series][epoch 005] lambda=0.0000 g_scale=0.000 train_total=0.20499596 train_sup=0.20499596 train_imit=0.00000000 mean_w=0.0000 active=0.0000 s_dense=0.00 s_pos=0.3573 s_sel=0.0000 s_sel_pos=0.0000 s_hot_err=0.000000 s_bg_err=0.204996 s_gap=0.000000 conf_cos=0.0000 conf_proj=0.00 val_mse=0.33344020 val_mae=0.40202851 | p_pos=0.3867 p_dense=0.00 p_sel=0.0000 p_sel_pos=0.0000 p_hot_err=0.000000 p_bg_err=0.261645 p_gap=0.000000 peer_val_mse=0.28220100 peer_val_mae=0.35136584
[worker2/etth1_early_stop_v1] [etth1_early_stop_v1/all_methods] [time_series][epoch 005] updated live plot
[worker2/etth1_early_stop_v1] [etth1_early_stop_v1/all_methods] [time_series][epoch 006] lambda=0.0010 g_scale=1.000 train_total=0.21243248 train_sup=0.21243248 train_imit=0.00000000 mean_w=1.4340 active=0.0238 s_dense=0.00 s_pos=0.3527 s_sel=0.0238 s_sel_pos=0.0676 s_hot_err=1.434009 s_bg_err=0.165927 s_gap=0.664917 conf_cos=0.0000 conf_proj=0.00 val_mse=0.36555227 val_mae=0.41878142 | p_pos=0.3901 p_dense=0.00 p_sel=0.0238 p_sel_pos=0.0611 p_hot_err=2.315950 p_bg_err=0.209582 p_gap=1.268239 peer_val_mse=0.28058325 peer_val_mae=0.34974025
[worker2/etth1_early_stop_v1] [etth1_early_stop_v1/all_methods] [time_series][epoch 006] updated live plot
[worker2/etth1_early_stop_v1] [etth1_early_stop_v1/all_methods] [time_series][epoch 007] lambda=0.0010 g_scale=1.000 train_total=0.20003159 train_sup=0.20003159 train_imit=0.00000000 mean_w=1.3439 active=0.0238 s_dense=0.00 s_pos=0.3445 s_sel=0.0238 s_sel_pos=0.0692 s_hot_err=1.343855 s_bg_err=0.156392 s_gap=0.636262 conf_cos=0.0000 conf_proj=0.00 val_mse=0.34759361 val_mae=0.40527025 | p_pos=0.3960 p_dense=0.00 p_sel=0.0238 p_sel_pos=0.0602 p_hot_err=2.318895 p_bg_err=0.207816 p_gap=1.333048 peer_val_mse=0.27862574 peer_val_mae=0.34801926
[worker2/etth1_early_stop_v1] [etth1_early_stop_v1/all_methods] [time_series][epoch 007] early stop: no val_mse improvement greater than 0.0005 for 2 epoch(s)
[worker2/etth1_early_stop_v1] [etth1_early_stop_v1/all_methods] [time_series][epoch 007] updated live plot
[worker2/etth1_early_stop_v1] [etth1_early_stop_v1/all_methods] [time_series][ssml_diag] gate_mode=peer_better_student_error score_transform=none window_score_k=1 smooth_k=1 expand_k=1 tail_start=0.00 residual_beta=1.000 ema_decay=0.000 weight_mode=score freeze_peer=False worse_only=False anchor_w=0.00000 imit_space=raw residual_space_k=9 conflict_proj=0 topk_scope=total max_sel=1.000 adaptive_dense_thr=1.100 positive_upper_q=1.000 guidance_schedule=warmup_then_decay first_active_epoch=6 best_before_active=0.33344020@5 best_after_active=0.34759361@7
[worker2/etth1_early_stop_v1] [etth1_early_stop_v1/all_methods] [time_series] done
[worker2_etth1_early_stop_v1] job finished
