[time_series_etth1_early_best_v2] output_root=results/time_series_etth1_early_best_v2_worker1_gpu0
[time_series_etth1_early_best_v2] gpu=0 seeds=0 1 2
[time_series_etth1_early_best_v2] model_pairs=transformer:dlinear
[time_series_etth1_early_best_v2] epochs=12 live_plot_interval=2
[time_series_etth1_early_best_v2] warmup=1 decay=2->6 min_scale=0.0
[time_series_etth1_early_best_v2] case_specs=a010_cautious:0.10:0.0005:0.010:0.010 a015_cautious:0.15:0.0005:0.010:0.010 a015_topk2:0.15:0.0005:0.010:0.020 a020_mid:0.20:0.0007:0.010:0.010
[etth1_early_best_v2/a010_cautious] log -> results/logs/non_operator_remaining/worker1_gpu0_etth1_early_best_v2_queue/a010_cautious.log
[etth1_early_best_v2/a010_cautious] [time_series] output_dir=results/time_series_etth1_early_best_v2_worker1_gpu0/a010_cautious
[etth1_early_best_v2/a010_cautious] [time_series] methods=ssml
[etth1_early_best_v2/a010_cautious] [time_series] model_pairs=transformer:dlinear
[etth1_early_best_v2/a010_cautious] [time_series] ssml_topk_ratio=0.010
[etth1_early_best_v2/a010_cautious] [time_series] ssml_topk_scope=total
[etth1_early_best_v2/a010_cautious] [time_series] ssml_max_selected_ratio=1.0
[etth1_early_best_v2/a010_cautious] [time_series] ssml_adaptive_dense_threshold=1.1
[etth1_early_best_v2/a010_cautious] [time_series] ssml_adaptive_dense_topk_ratio=1.0
[etth1_early_best_v2/a010_cautious] [time_series] ssml_adaptive_dense_topk_scope=positive
[etth1_early_best_v2/a010_cautious] [time_series] ssml_adaptive_dense_max_selected_ratio=1.0
[etth1_early_best_v2/a010_cautious] [time_series] ssml_adaptive_dense_score_smoothing_kernel=-1
[etth1_early_best_v2/a010_cautious] [time_series] ssml_adaptive_dense_window_expand_kernel=-1
[etth1_early_best_v2/a010_cautious] [time_series] ssml_supervised_hotspot_alpha=0.10
[etth1_early_best_v2/a010_cautious] [time_series] ssml_supervised_weight_mode=score
[etth1_early_best_v2/a010_cautious] [time_series] ssml_gate_score_mode=peer_better_student_error
[etth1_early_best_v2/a010_cautious] [time_series] ssml_score_transform=none
[etth1_early_best_v2/a010_cautious] [time_series] ssml_positive_upper_quantile=1.0
[etth1_early_best_v2/a010_cautious] [time_series] ssml_guidance_mode=reweight_only
[etth1_early_best_v2/a010_cautious] [time_series] ssml_score_smoothing_kernel=1
[etth1_early_best_v2/a010_cautious] [time_series] ssml_window_score_kernel=1
[etth1_early_best_v2/a010_cautious] [time_series] ssml_window_expand_kernel=1
[etth1_early_best_v2/a010_cautious] [time_series] ssml_tail_start_ratio=0.0
[etth1_early_best_v2/a010_cautious] [time_series] ssml_residual_beta=1.0
[etth1_early_best_v2/a010_cautious] [time_series] ssml_ema_decay=0.0
[etth1_early_best_v2/a010_cautious] [time_series] ssml_imitation_space=raw
[etth1_early_best_v2/a010_cautious] [time_series] ssml_residual_space_kernel=9
[etth1_early_best_v2/a010_cautious] [time_series] ssml_conflict_aware_projection=0
[etth1_early_best_v2/a010_cautious] [time_series] ssml_freeze_peer=0
[etth1_early_best_v2/a010_cautious] [time_series] ssml_worse_only_update=0
[etth1_early_best_v2/a010_cautious] [time_series] ssml_anchor_weight=0.0
[etth1_early_best_v2/a010_cautious] [time_series] init_checkpoint_template=
[etth1_early_best_v2/a010_cautious] [time_series] peer_init_checkpoint_template=
[etth1_early_best_v2/a010_cautious] [time_series] early_stop_patience=0 early_stop_min_epochs=0 early_stop_min_delta=0.0
[etth1_early_best_v2/a010_cautious] [time_series] live_plot_interval=2
[etth1_early_best_v2/a010_cautious] [time_series] dataset=etth1 pair=transformer:dlinear method=ssml seed=0 pred_len=24
[etth1_early_best_v2/a010_cautious] [time_series] run_dir=results/time_series_etth1_early_best_v2_worker1_gpu0/a010_cautious/time_series/etth1/transformer__dlinear_ssml_huber_seed0
[etth1_early_best_v2/a010_cautious] [time_series] params=419240
[etth1_early_best_v2/a010_cautious] [time_series][epoch 001] lambda=0.0000 g_scale=0.000 train_total=0.37563460 train_sup=0.37563460 train_imit=0.00000000 mean_w=0.0000 active=0.0000 s_dense=0.00 s_pos=0.4614 s_sel=0.0000 s_sel_pos=0.0000 s_hot_err=0.000000 s_bg_err=0.375635 s_gap=0.000000 conf_cos=0.0000 conf_proj=0.00 val_mse=0.33803514 val_mae=0.40227325 | p_pos=0.4346 p_dense=0.00 p_sel=0.0000 p_sel_pos=0.0000 p_hot_err=0.000000 p_bg_err=0.385417 p_gap=0.000000 peer_val_mse=0.31982819 peer_val_mae=0.38304872
[etth1_early_best_v2/a010_cautious] [time_series][epoch 002] lambda=0.0005 g_scale=1.000 train_total=0.25697158 train_sup=0.25697158 train_imit=0.00000000 mean_w=2.3682 active=0.0119 s_dense=0.00 s_pos=0.4327 s_sel=0.0119 s_sel_pos=0.0275 s_hot_err=2.368172 s_bg_err=0.228907 s_gap=0.954706 conf_cos=0.0000 conf_proj=0.00 val_mse=0.34417144 val_mae=0.40425662 | p_pos=0.4289 p_dense=0.00 p_sel=0.0119 p_sel_pos=0.0278 p_hot_err=2.836623 p_bg_err=0.252256 p_gap=1.297973 peer_val_mse=0.29954969 peer_val_mae=0.36846864
[etth1_early_best_v2/a010_cautious] [time_series][epoch 002] updated live plot
[etth1_early_best_v2/a010_cautious] [time_series][epoch 003] lambda=0.0004 g_scale=0.750 train_total=0.23752501 train_sup=0.23752501 train_imit=0.00000000 mean_w=2.1639 active=0.0119 s_dense=0.00 s_pos=0.4246 s_sel=0.0119 s_sel_pos=0.0281 s_hot_err=2.163927 s_bg_err=0.212513 s_gap=0.881096 conf_cos=0.0000 conf_proj=0.00 val_mse=0.33340769 val_mae=0.40189119 | p_pos=0.4269 p_dense=0.00 p_sel=0.0119 p_sel_pos=0.0279 p_hot_err=2.707791 p_bg_err=0.241748 p_gap=1.244665 peer_val_mse=0.29030214 peer_val_mae=0.36010141
[etth1_early_best_v2/a010_cautious] [time_series][epoch 004] lambda=0.0003 g_scale=0.500 train_total=0.22183699 train_sup=0.22183699 train_imit=0.00000000 mean_w=2.0262 active=0.0119 s_dense=0.00 s_pos=0.4163 s_sel=0.0119 s_sel_pos=0.0286 s_hot_err=2.026171 s_bg_err=0.198974 s_gap=0.853107 conf_cos=0.0000 conf_proj=0.00 val_mse=0.33673455 val_mae=0.40178467 | p_pos=0.4289 p_dense=0.00 p_sel=0.0119 p_sel_pos=0.0278 p_hot_err=2.659623 p_bg_err=0.236398 p_gap=1.276196 peer_val_mse=0.28590194 peer_val_mae=0.35532351
[etth1_early_best_v2/a010_cautious] [time_series][epoch 004] updated live plot
[etth1_early_best_v2/a010_cautious] [time_series][epoch 005] lambda=0.0001 g_scale=0.250 train_total=0.20946444 train_sup=0.20946444 train_imit=0.00000000 mean_w=1.9157 active=0.0119 s_dense=0.00 s_pos=0.4067 s_sel=0.0119 s_sel_pos=0.0293 s_hot_err=1.915704 s_bg_err=0.188377 s_gap=0.833624 conf_cos=0.0000 conf_proj=0.00 val_mse=0.32758614 val_mae=0.39526861 | p_pos=0.4345 p_dense=0.00 p_sel=0.0119 p_sel_pos=0.0274 p_hot_err=2.634596 p_bg_err=0.233393 p_gap=1.331424 peer_val_mse=0.28066955 peer_val_mae=0.34949995
[etth1_early_best_v2/a010_cautious] [time_series][epoch 006] lambda=0.0000 g_scale=0.000 train_total=0.19705616 train_sup=0.19705616 train_imit=0.00000000 mean_w=0.0000 active=0.0000 s_dense=0.00 s_pos=0.4023 s_sel=0.0000 s_sel_pos=0.0000 s_hot_err=0.000000 s_bg_err=0.197056 s_gap=0.000000 conf_cos=0.0000 conf_proj=0.00 val_mse=0.31772234 val_mae=0.38554912 | p_pos=0.4366 p_dense=0.00 p_sel=0.0000 p_sel_pos=0.0000 p_hot_err=0.000000 p_bg_err=0.259452 p_gap=0.000000 peer_val_mse=0.28101523 peer_val_mae=0.35277768
[etth1_early_best_v2/a010_cautious] [time_series][epoch 006] updated live plot
[etth1_early_best_v2/a010_cautious] [time_series][epoch 007] lambda=0.0000 g_scale=0.000 train_total=0.18688805 train_sup=0.18688805 train_imit=0.00000000 mean_w=0.0000 active=0.0000 s_dense=0.00 s_pos=0.3943 s_sel=0.0000 s_sel_pos=0.0000 s_hot_err=0.000000 s_bg_err=0.186888 s_gap=0.000000 conf_cos=0.0000 conf_proj=0.00 val_mse=0.34390539 val_mae=0.40127830 | p_pos=0.4430 p_dense=0.00 p_sel=0.0000 p_sel_pos=0.0000 p_hot_err=0.000000 p_bg_err=0.258294 p_gap=0.000000 peer_val_mse=0.27666811 peer_val_mae=0.34548477
[etth1_early_best_v2/a010_cautious] [time_series][epoch 008] lambda=0.0000 g_scale=0.000 train_total=0.17759210 train_sup=0.17759210 train_imit=0.00000000 mean_w=0.0000 active=0.0000 s_dense=0.00 s_pos=0.3876 s_sel=0.0000 s_sel_pos=0.0000 s_hot_err=0.000000 s_bg_err=0.177592 s_gap=0.000000 conf_cos=0.0000 conf_proj=0.00 val_mse=0.35396002 val_mae=0.41504286 | p_pos=0.4482 p_dense=0.00 p_sel=0.0000 p_sel_pos=0.0000 p_hot_err=0.000000 p_bg_err=0.257284 p_gap=0.000000 peer_val_mse=0.27621521 peer_val_mae=0.34452433
[etth1_early_best_v2/a010_cautious] [time_series][epoch 008] updated live plot
[etth1_early_best_v2/a010_cautious] [time_series][epoch 009] lambda=0.0000 g_scale=0.000 train_total=0.17013244 train_sup=0.17013244 train_imit=0.00000000 mean_w=0.0000 active=0.0000 s_dense=0.00 s_pos=0.3838 s_sel=0.0000 s_sel_pos=0.0000 s_hot_err=0.000000 s_bg_err=0.170132 s_gap=0.000000 conf_cos=0.0000 conf_proj=0.00 val_mse=0.36369863 val_mae=0.41690990 | p_pos=0.4509 p_dense=0.00 p_sel=0.0000 p_sel_pos=0.0000 p_hot_err=0.000000 p_bg_err=0.256448 p_gap=0.000000 peer_val_mse=0.27567227 peer_val_mae=0.34335182
[etth1_early_best_v2/a010_cautious] [time_series][epoch 010] lambda=0.0000 g_scale=0.000 train_total=0.16040474 train_sup=0.16040474 train_imit=0.00000000 mean_w=0.0000 active=0.0000 s_dense=0.00 s_pos=0.3749 s_sel=0.0000 s_sel_pos=0.0000 s_hot_err=0.000000 s_bg_err=0.160405 s_gap=0.000000 conf_cos=0.0000 conf_proj=0.00 val_mse=0.33113312 val_mae=0.39359780 | p_pos=0.4588 p_dense=0.00 p_sel=0.0000 p_sel_pos=0.0000 p_hot_err=0.000000 p_bg_err=0.256027 p_gap=0.000000 peer_val_mse=0.27845642 peer_val_mae=0.34867408
[etth1_early_best_v2/a010_cautious] [time_series][epoch 010] updated live plot
[etth1_early_best_v2/a010_cautious] [time_series][epoch 011] lambda=0.0000 g_scale=0.000 train_total=0.15391402 train_sup=0.15391402 train_imit=0.00000000 mean_w=0.0000 active=0.0000 s_dense=0.00 s_pos=0.3701 s_sel=0.0000 s_sel_pos=0.0000 s_hot_err=0.000000 s_bg_err=0.153914 s_gap=0.000000 conf_cos=0.0000 conf_proj=0.00 val_mse=0.35530332 val_mae=0.42066786 | p_pos=0.4629 p_dense=0.00 p_sel=0.0000 p_sel_pos=0.0000 p_hot_err=0.000000 p_bg_err=0.255583 p_gap=0.000000 peer_val_mse=0.27548405 peer_val_mae=0.34399038
[etth1_early_best_v2/a010_cautious] [time_series][epoch 012] lambda=0.0000 g_scale=0.000 train_total=0.14641073 train_sup=0.14641073 train_imit=0.00000000 mean_w=0.0000 active=0.0000 s_dense=0.00 s_pos=0.3637 s_sel=0.0000 s_sel_pos=0.0000 s_hot_err=0.000000 s_bg_err=0.146411 s_gap=0.000000 conf_cos=0.0000 conf_proj=0.00 val_mse=0.34225077 val_mae=0.41495008 | p_pos=0.4687 p_dense=0.00 p_sel=0.0000 p_sel_pos=0.0000 p_hot_err=0.000000 p_bg_err=0.255631 p_gap=0.000000 peer_val_mse=0.27544173 peer_val_mae=0.34423876
[etth1_early_best_v2/a010_cautious] [time_series][epoch 012] updated live plot
[etth1_early_best_v2/a010_cautious] [time_series][ssml_diag] gate_mode=peer_better_student_error score_transform=none window_score_k=1 smooth_k=1 expand_k=1 tail_start=0.00 residual_beta=1.000 ema_decay=0.000 weight_mode=score freeze_peer=False worse_only=False anchor_w=0.00000 imit_space=raw residual_space_k=9 conflict_proj=0 topk_scope=total max_sel=1.000 adaptive_dense_thr=1.100 positive_upper_q=1.000 guidance_schedule=warmup_then_decay first_active_epoch=2 best_before_active=0.33803514@1 best_after_active=0.31772234@6
[etth1_early_best_v2/a010_cautious] [time_series] done
[etth1_early_best_v2/a010_cautious] [time_series] dataset=etth1 pair=transformer:dlinear method=ssml seed=1 pred_len=24
[etth1_early_best_v2/a010_cautious] [time_series] run_dir=results/time_series_etth1_early_best_v2_worker1_gpu0/a010_cautious/time_series/etth1/transformer__dlinear_ssml_huber_seed1
[etth1_early_best_v2/a010_cautious] [time_series] params=419240
[etth1_early_best_v2/a010_cautious] [time_series][epoch 001] lambda=0.0000 g_scale=0.000 train_total=0.36181708 train_sup=0.36181708 train_imit=0.00000000 mean_w=0.0000 active=0.0000 s_dense=0.00 s_pos=0.4474 s_sel=0.0000 s_sel_pos=0.0000 s_hot_err=0.000000 s_bg_err=0.361817 s_gap=0.000000 conf_cos=0.0000 conf_proj=0.00 val_mse=0.34713178 val_mae=0.41813733 | p_pos=0.4475 p_dense=0.00 p_sel=0.0000 p_sel_pos=0.0000 p_hot_err=0.000000 p_bg_err=0.399038 p_gap=0.000000 peer_val_mse=0.32395083 peer_val_mae=0.38970986
[etth1_early_best_v2/a010_cautious] [time_series][epoch 002] lambda=0.0005 g_scale=1.000 train_total=0.25566314 train_sup=0.25566314 train_imit=0.00000000 mean_w=2.3289 active=0.0119 s_dense=0.00 s_pos=0.4311 s_sel=0.0119 s_sel_pos=0.0276 s_hot_err=2.328928 s_bg_err=0.228100 s_gap=0.924390 conf_cos=0.0000 conf_proj=0.00 val_mse=0.34750693 val_mae=0.41435271 | p_pos=0.4315 p_dense=0.00 p_sel=0.0119 p_sel_pos=0.0276 p_hot_err=2.848442 p_bg_err=0.253121 p_gap=1.304528 peer_val_mse=0.29887065 peer_val_mae=0.36814588
[etth1_early_best_v2/a010_cautious] [time_series][epoch 002] updated live plot
[etth1_early_best_v2/a010_cautious] [time_series][epoch 003] lambda=0.0004 g_scale=0.750 train_total=0.23273644 train_sup=0.23273644 train_imit=0.00000000 mean_w=2.0946 active=0.0119 s_dense=0.00 s_pos=0.4204 s_sel=0.0119 s_sel_pos=0.0283 s_hot_err=2.094593 s_bg_err=0.208564 s_gap=0.855175 conf_cos=0.0000 conf_proj=0.00 val_mse=0.33619017 val_mae=0.40238655 | p_pos=0.4315 p_dense=0.00 p_sel=0.0119 p_sel_pos=0.0276 p_hot_err=2.731940 p_bg_err=0.242059 p_gap=1.277428 peer_val_mse=0.28831426 peer_val_mae=0.35670657
[etth1_early_best_v2/a010_cautious] [time_series][epoch 004] lambda=0.0003 g_scale=0.500 train_total=0.21506143 train_sup=0.21506143 train_imit=0.00000000 mean_w=1.9422 active=0.0119 s_dense=0.00 s_pos=0.4107 s_sel=0.0119 s_sel_pos=0.0290 s_hot_err=1.942155 s_bg_err=0.193176 s_gap=0.833388 conf_cos=0.0000 conf_proj=0.00 val_mse=0.33814642 val_mae=0.40333399 | p_pos=0.4349 p_dense=0.00 p_sel=0.0119 p_sel_pos=0.0274 p_hot_err=2.683962 p_bg_err=0.236707 p_gap=1.344174 peer_val_mse=0.28650700 peer_val_mae=0.35663730
[etth1_early_best_v2/a010_cautious] [time_series][epoch 004] updated live plot
[etth1_early_best_v2/a010_cautious] [time_series][epoch 005] lambda=0.0001 g_scale=0.250 train_total=0.20257192 train_sup=0.20257192 train_imit=0.00000000 mean_w=1.8334 active=0.0119 s_dense=0.00 s_pos=0.4052 s_sel=0.0119 s_sel_pos=0.0294 s_hot_err=1.833400 s_bg_err=0.182416 s_gap=0.825218 conf_cos=0.0000 conf_proj=0.00 val_mse=0.31987918 val_mae=0.38450339 | p_pos=0.4377 p_dense=0.00 p_sel=0.0119 p_sel_pos=0.0272 p_hot_err=2.665440 p_bg_err=0.233238 p_gap=1.410936 peer_val_mse=0.28070919 peer_val_mae=0.35014348
[etth1_early_best_v2/a010_cautious] [time_series][epoch 006] lambda=0.0000 g_scale=0.000 train_total=0.18988367 train_sup=0.18988367 train_imit=0.00000000 mean_w=0.0000 active=0.0000 s_dense=0.00 s_pos=0.3978 s_sel=0.0000 s_sel_pos=0.0000 s_hot_err=0.000000 s_bg_err=0.189884 s_gap=0.000000 conf_cos=0.0000 conf_proj=0.00 val_mse=0.32463795 val_mae=0.39256743 | p_pos=0.4424 p_dense=0.00 p_sel=0.0000 p_sel_pos=0.0000 p_hot_err=0.000000 p_bg_err=0.260097 p_gap=0.000000 peer_val_mse=0.27968526 peer_val_mae=0.34908188
[etth1_early_best_v2/a010_cautious] [time_series][epoch 006] updated live plot
[etth1_early_best_v2/a010_cautious] [time_series][epoch 007] lambda=0.0000 g_scale=0.000 train_total=0.17920178 train_sup=0.17920178 train_imit=0.00000000 mean_w=0.0000 active=0.0000 s_dense=0.00 s_pos=0.3906 s_sel=0.0000 s_sel_pos=0.0000 s_hot_err=0.000000 s_bg_err=0.179202 s_gap=0.000000 conf_cos=0.0000 conf_proj=0.00 val_mse=0.36233322 val_mae=0.42589180 | p_pos=0.4477 p_dense=0.00 p_sel=0.0000 p_sel_pos=0.0000 p_hot_err=0.000000 p_bg_err=0.258639 p_gap=0.000000 peer_val_mse=0.27955678 peer_val_mae=0.34947907
[etth1_early_best_v2/a010_cautious] [time_series][epoch 008] lambda=0.0000 g_scale=0.000 train_total=0.16810213 train_sup=0.16810213 train_imit=0.00000000 mean_w=0.0000 active=0.0000 s_dense=0.00 s_pos=0.3816 s_sel=0.0000 s_sel_pos=0.0000 s_hot_err=0.000000 s_bg_err=0.168102 s_gap=0.000000 conf_cos=0.0000 conf_proj=0.00 val_mse=0.35825045 val_mae=0.41434580 | p_pos=0.4541 p_dense=0.00 p_sel=0.0000 p_sel_pos=0.0000 p_hot_err=0.000000 p_bg_err=0.257318 p_gap=0.000000 peer_val_mse=0.27438931 peer_val_mae=0.34278647
[etth1_early_best_v2/a010_cautious] [time_series][epoch 008] updated live plot
[etth1_early_best_v2/a010_cautious] [time_series][epoch 009] lambda=0.0000 g_scale=0.000 train_total=0.16001438 train_sup=0.16001438 train_imit=0.00000000 mean_w=0.0000 active=0.0000 s_dense=0.00 s_pos=0.3755 s_sel=0.0000 s_sel_pos=0.0000 s_hot_err=0.000000 s_bg_err=0.160014 s_gap=0.000000 conf_cos=0.0000 conf_proj=0.00 val_mse=0.33186360 val_mae=0.39886775 | p_pos=0.4586 p_dense=0.00 p_sel=0.0000 p_sel_pos=0.0000 p_hot_err=0.000000 p_bg_err=0.256653 p_gap=0.000000 peer_val_mse=0.27455732 peer_val_mae=0.34342388
[etth1_early_best_v2/a010_cautious] [time_series][epoch 010] lambda=0.0000 g_scale=0.000 train_total=0.15257887 train_sup=0.15257887 train_imit=0.00000000 mean_w=0.0000 active=0.0000 s_dense=0.00 s_pos=0.3695 s_sel=0.0000 s_sel_pos=0.0000 s_hot_err=0.000000 s_bg_err=0.152579 s_gap=0.000000 conf_cos=0.0000 conf_proj=0.00 val_mse=0.39140489 val_mae=0.44039658 | p_pos=0.4640 p_dense=0.00 p_sel=0.0000 p_sel_pos=0.0000 p_hot_err=0.000000 p_bg_err=0.255904 p_gap=0.000000 peer_val_mse=0.27613683 peer_val_mae=0.34716092
[etth1_early_best_v2/a010_cautious] [time_series][epoch 010] updated live plot
[etth1_early_best_v2/a010_cautious] [time_series][epoch 011] lambda=0.0000 g_scale=0.000 train_total=0.14586854 train_sup=0.14586854 train_imit=0.00000000 mean_w=0.0000 active=0.0000 s_dense=0.00 s_pos=0.3649 s_sel=0.0000 s_sel_pos=0.0000 s_hot_err=0.000000 s_bg_err=0.145869 s_gap=0.000000 conf_cos=0.0000 conf_proj=0.00 val_mse=0.36852655 val_mae=0.42694031 | p_pos=0.4678 p_dense=0.00 p_sel=0.0000 p_sel_pos=0.0000 p_hot_err=0.000000 p_bg_err=0.255668 p_gap=0.000000 peer_val_mse=0.27552654 peer_val_mae=0.34385350
[etth1_early_best_v2/a010_cautious] [time_series][epoch 012] lambda=0.0000 g_scale=0.000 train_total=0.13854159 train_sup=0.13854159 train_imit=0.00000000 mean_w=0.0000 active=0.0000 s_dense=0.00 s_pos=0.3575 s_sel=0.0000 s_sel_pos=0.0000 s_hot_err=0.000000 s_bg_err=0.138542 s_gap=0.000000 conf_cos=0.0000 conf_proj=0.00 val_mse=0.37980586 val_mae=0.43775358 | p_pos=0.4744 p_dense=0.00 p_sel=0.0000 p_sel_pos=0.0000 p_hot_err=0.000000 p_bg_err=0.255766 p_gap=0.000000 peer_val_mse=0.27454527 peer_val_mae=0.34498392
[etth1_early_best_v2/a010_cautious] [time_series][epoch 012] updated live plot
[etth1_early_best_v2/a010_cautious] [time_series][ssml_diag] gate_mode=peer_better_student_error score_transform=none window_score_k=1 smooth_k=1 expand_k=1 tail_start=0.00 residual_beta=1.000 ema_decay=0.000 weight_mode=score freeze_peer=False worse_only=False anchor_w=0.00000 imit_space=raw residual_space_k=9 conflict_proj=0 topk_scope=total max_sel=1.000 adaptive_dense_thr=1.100 positive_upper_q=1.000 guidance_schedule=warmup_then_decay first_active_epoch=2 best_before_active=0.34713178@1 best_after_active=0.31987918@5
[etth1_early_best_v2/a010_cautious] [time_series] done
[etth1_early_best_v2/a010_cautious] [time_series] dataset=etth1 pair=transformer:dlinear method=ssml seed=2 pred_len=24
[etth1_early_best_v2/a010_cautious] [time_series] run_dir=results/time_series_etth1_early_best_v2_worker1_gpu0/a010_cautious/time_series/etth1/transformer__dlinear_ssml_huber_seed2
[etth1_early_best_v2/a010_cautious] [time_series] params=419240
[etth1_early_best_v2/a010_cautious] [time_series][epoch 001] lambda=0.0000 g_scale=0.000 train_total=0.36041629 train_sup=0.36041629 train_imit=0.00000000 mean_w=0.0000 active=0.0000 s_dense=0.00 s_pos=0.4451 s_sel=0.0000 s_sel_pos=0.0000 s_hot_err=0.000000 s_bg_err=0.360416 s_gap=0.000000 conf_cos=0.0000 conf_proj=0.00 val_mse=0.35551968 val_mae=0.41411209 | p_pos=0.4514 p_dense=0.00 p_sel=0.0000 p_sel_pos=0.0000 p_hot_err=0.000000 p_bg_err=0.412564 p_gap=0.000000 peer_val_mse=0.32380691 peer_val_mae=0.38685179
[etth1_early_best_v2/a010_cautious] [time_series][epoch 002] lambda=0.0005 g_scale=1.000 train_total=0.25611060 train_sup=0.25611060 train_imit=0.00000000 mean_w=2.3630 active=0.0119 s_dense=0.00 s_pos=0.4297 s_sel=0.0119 s_sel_pos=0.0277 s_hot_err=2.362993 s_bg_err=0.228104 s_gap=0.930386 conf_cos=0.0000 conf_proj=0.00 val_mse=0.33598849 val_mae=0.39917145 | p_pos=0.4303 p_dense=0.00 p_sel=0.0119 p_sel_pos=0.0277 p_hot_err=2.860785 p_bg_err=0.252931 p_gap=1.319711 peer_val_mse=0.29725462 peer_val_mae=0.36481977
[etth1_early_best_v2/a010_cautious] [time_series][epoch 002] updated live plot
[etth1_early_best_v2/a010_cautious] [time_series][epoch 003] lambda=0.0004 g_scale=0.750 train_total=0.23391346 train_sup=0.23391346 train_imit=0.00000000 mean_w=2.1047 active=0.0119 s_dense=0.00 s_pos=0.4222 s_sel=0.0119 s_sel_pos=0.0282 s_hot_err=2.104739 s_bg_err=0.209624 s_gap=0.846879 conf_cos=0.0000 conf_proj=0.00 val_mse=0.31880215 val_mae=0.38782775 | p_pos=0.4280 p_dense=0.00 p_sel=0.0119 p_sel_pos=0.0278 p_hot_err=2.735835 p_bg_err=0.241268 p_gap=1.264115 peer_val_mse=0.28958749 peer_val_mae=0.35992472
[etth1_early_best_v2/a010_cautious] [time_series][epoch 004] lambda=0.0003 g_scale=0.500 train_total=0.21952229 train_sup=0.21952229 train_imit=0.00000000 mean_w=1.9922 active=0.0119 s_dense=0.00 s_pos=0.4158 s_sel=0.0119 s_sel_pos=0.0287 s_hot_err=1.992211 s_bg_err=0.197060 s_gap=0.832085 conf_cos=0.0000 conf_proj=0.00 val_mse=0.34246413 val_mae=0.40922045 | p_pos=0.4291 p_dense=0.00 p_sel=0.0119 p_sel_pos=0.0278 p_hot_err=2.668689 p_bg_err=0.235986 p_gap=1.289588 peer_val_mse=0.28472417 peer_val_mae=0.35488628
[etth1_early_best_v2/a010_cautious] [time_series][epoch 004] updated live plot
[etth1_early_best_v2/a010_cautious] [time_series][epoch 005] lambda=0.0001 g_scale=0.250 train_total=0.20483410 train_sup=0.20483410 train_imit=0.00000000 mean_w=1.8516 active=0.0119 s_dense=0.00 s_pos=0.4075 s_sel=0.0119 s_sel_pos=0.0292 s_hot_err=1.851580 s_bg_err=0.184478 s_gap=0.800066 conf_cos=0.0000 conf_proj=0.00 val_mse=0.31694794 val_mae=0.38677820 | p_pos=0.4333 p_dense=0.00 p_sel=0.0119 p_sel_pos=0.0275 p_hot_err=2.658438 p_bg_err=0.232714 p_gap=1.361189 peer_val_mse=0.28218844 peer_val_mae=0.35137253
[etth1_early_best_v2/a010_cautious] [time_series][epoch 006] lambda=0.0000 g_scale=0.000 train_total=0.19366384 train_sup=0.19366384 train_imit=0.00000000 mean_w=0.0000 active=0.0000 s_dense=0.00 s_pos=0.4018 s_sel=0.0000 s_sel_pos=0.0000 s_hot_err=0.000000 s_bg_err=0.193664 s_gap=0.000000 conf_cos=0.0000 conf_proj=0.00 val_mse=0.32717840 val_mae=0.39289491 | p_pos=0.4375 p_dense=0.00 p_sel=0.0000 p_sel_pos=0.0000 p_hot_err=0.000000 p_bg_err=0.259546 p_gap=0.000000 peer_val_mse=0.27987940 peer_val_mae=0.34874869
[etth1_early_best_v2/a010_cautious] [time_series][epoch 006] updated live plot
[etth1_early_best_v2/a010_cautious] [time_series][epoch 007] lambda=0.0000 g_scale=0.000 train_total=0.18325446 train_sup=0.18325446 train_imit=0.00000000 mean_w=0.0000 active=0.0000 s_dense=0.00 s_pos=0.3940 s_sel=0.0000 s_sel_pos=0.0000 s_hot_err=0.000000 s_bg_err=0.183254 s_gap=0.000000 conf_cos=0.0000 conf_proj=0.00 val_mse=0.37514863 val_mae=0.41725932 | p_pos=0.4430 p_dense=0.00 p_sel=0.0000 p_sel_pos=0.0000 p_hot_err=0.000000 p_bg_err=0.258004 p_gap=0.000000 peer_val_mse=0.27794547 peer_val_mae=0.34694154
[etth1_early_best_v2/a010_cautious] [time_series][epoch 008] lambda=0.0000 g_scale=0.000 train_total=0.17359304 train_sup=0.17359304 train_imit=0.00000000 mean_w=0.0000 active=0.0000 s_dense=0.00 s_pos=0.3869 s_sel=0.0000 s_sel_pos=0.0000 s_hot_err=0.000000 s_bg_err=0.173593 s_gap=0.000000 conf_cos=0.0000 conf_proj=0.00 val_mse=0.34099749 val_mae=0.40300760 | p_pos=0.4490 p_dense=0.00 p_sel=0.0000 p_sel_pos=0.0000 p_hot_err=0.000000 p_bg_err=0.257155 p_gap=0.000000 peer_val_mse=0.27750281 peer_val_mae=0.34727597
[etth1_early_best_v2/a010_cautious] [time_series][epoch 008] updated live plot
[etth1_early_best_v2/a010_cautious] [time_series][epoch 009] lambda=0.0000 g_scale=0.000 train_total=0.16472440 train_sup=0.16472440 train_imit=0.00000000 mean_w=0.0000 active=0.0000 s_dense=0.00 s_pos=0.3805 s_sel=0.0000 s_sel_pos=0.0000 s_hot_err=0.000000 s_bg_err=0.164724 s_gap=0.000000 conf_cos=0.0000 conf_proj=0.00 val_mse=0.35304174 val_mae=0.41762758 | p_pos=0.4542 p_dense=0.00 p_sel=0.0000 p_sel_pos=0.0000 p_hot_err=0.000000 p_bg_err=0.256627 p_gap=0.000000 peer_val_mse=0.27565571 peer_val_mae=0.34484496
[etth1_early_best_v2/a010_cautious] [time_series][epoch 010] lambda=0.0000 g_scale=0.000 train_total=0.15577920 train_sup=0.15577920 train_imit=0.00000000 mean_w=0.0000 active=0.0000 s_dense=0.00 s_pos=0.3729 s_sel=0.0000 s_sel_pos=0.0000 s_hot_err=0.000000 s_bg_err=0.155779 s_gap=0.000000 conf_cos=0.0000 conf_proj=0.00 val_mse=0.33636855 val_mae=0.40035497 | p_pos=0.4612 p_dense=0.00 p_sel=0.0000 p_sel_pos=0.0000 p_hot_err=0.000000 p_bg_err=0.256119 p_gap=0.000000 peer_val_mse=0.27417735 peer_val_mae=0.34213140
[etth1_early_best_v2/a010_cautious] [time_series][epoch 010] updated live plot
[etth1_early_best_v2/a010_cautious] [time_series][epoch 011] lambda=0.0000 g_scale=0.000 train_total=0.14850330 train_sup=0.14850330 train_imit=0.00000000 mean_w=0.0000 active=0.0000 s_dense=0.00 s_pos=0.3654 s_sel=0.0000 s_sel_pos=0.0000 s_hot_err=0.000000 s_bg_err=0.148503 s_gap=0.000000 conf_cos=0.0000 conf_proj=0.00 val_mse=0.37345709 val_mae=0.42339490 | p_pos=0.4666 p_dense=0.00 p_sel=0.0000 p_sel_pos=0.0000 p_hot_err=0.000000 p_bg_err=0.255743 p_gap=0.000000 peer_val_mse=0.27643347 peer_val_mae=0.34702195
[etth1_early_best_v2/a010_cautious] [time_series][epoch 012] lambda=0.0000 g_scale=0.000 train_total=0.14234682 train_sup=0.14234682 train_imit=0.00000000 mean_w=0.0000 active=0.0000 s_dense=0.00 s_pos=0.3588 s_sel=0.0000 s_sel_pos=0.0000 s_hot_err=0.000000 s_bg_err=0.142347 s_gap=0.000000 conf_cos=0.0000 conf_proj=0.00 val_mse=0.35750194 val_mae=0.41716492 | p_pos=0.4726 p_dense=0.00 p_sel=0.0000 p_sel_pos=0.0000 p_hot_err=0.000000 p_bg_err=0.255431 p_gap=0.000000 peer_val_mse=0.27455927 peer_val_mae=0.34373422
[etth1_early_best_v2/a010_cautious] [time_series][epoch 012] updated live plot
[etth1_early_best_v2/a010_cautious] [time_series][ssml_diag] gate_mode=peer_better_student_error score_transform=none window_score_k=1 smooth_k=1 expand_k=1 tail_start=0.00 residual_beta=1.000 ema_decay=0.000 weight_mode=score freeze_peer=False worse_only=False anchor_w=0.00000 imit_space=raw residual_space_k=9 conflict_proj=0 topk_scope=total max_sel=1.000 adaptive_dense_thr=1.100 positive_upper_q=1.000 guidance_schedule=warmup_then_decay first_active_epoch=2 best_before_active=0.35551968@1 best_after_active=0.31694794@5
[etth1_early_best_v2/a010_cautious] [time_series] done
[etth1_early_best_v2/a015_cautious] log -> results/logs/non_operator_remaining/worker1_gpu0_etth1_early_best_v2_queue/a015_cautious.log
[etth1_early_best_v2/a015_cautious] [time_series] output_dir=results/time_series_etth1_early_best_v2_worker1_gpu0/a015_cautious
[etth1_early_best_v2/a015_cautious] [time_series] methods=ssml
[etth1_early_best_v2/a015_cautious] [time_series] model_pairs=transformer:dlinear
[etth1_early_best_v2/a015_cautious] [time_series] ssml_topk_ratio=0.010
[etth1_early_best_v2/a015_cautious] [time_series] ssml_topk_scope=total
[etth1_early_best_v2/a015_cautious] [time_series] ssml_max_selected_ratio=1.0
[etth1_early_best_v2/a015_cautious] [time_series] ssml_adaptive_dense_threshold=1.1
[etth1_early_best_v2/a015_cautious] [time_series] ssml_adaptive_dense_topk_ratio=1.0
[etth1_early_best_v2/a015_cautious] [time_series] ssml_adaptive_dense_topk_scope=positive
[etth1_early_best_v2/a015_cautious] [time_series] ssml_adaptive_dense_max_selected_ratio=1.0
[etth1_early_best_v2/a015_cautious] [time_series] ssml_adaptive_dense_score_smoothing_kernel=-1
[etth1_early_best_v2/a015_cautious] [time_series] ssml_adaptive_dense_window_expand_kernel=-1
[etth1_early_best_v2/a015_cautious] [time_series] ssml_supervised_hotspot_alpha=0.15
[etth1_early_best_v2/a015_cautious] [time_series] ssml_supervised_weight_mode=score
[etth1_early_best_v2/a015_cautious] [time_series] ssml_gate_score_mode=peer_better_student_error
[etth1_early_best_v2/a015_cautious] [time_series] ssml_score_transform=none
[etth1_early_best_v2/a015_cautious] [time_series] ssml_positive_upper_quantile=1.0
[etth1_early_best_v2/a015_cautious] [time_series] ssml_guidance_mode=reweight_only
[etth1_early_best_v2/a015_cautious] [time_series] ssml_score_smoothing_kernel=1
[etth1_early_best_v2/a015_cautious] [time_series] ssml_window_score_kernel=1
[etth1_early_best_v2/a015_cautious] [time_series] ssml_window_expand_kernel=1
[etth1_early_best_v2/a015_cautious] [time_series] ssml_tail_start_ratio=0.0
[etth1_early_best_v2/a015_cautious] [time_series] ssml_residual_beta=1.0
[etth1_early_best_v2/a015_cautious] [time_series] ssml_ema_decay=0.0
[etth1_early_best_v2/a015_cautious] [time_series] ssml_imitation_space=raw
[etth1_early_best_v2/a015_cautious] [time_series] ssml_residual_space_kernel=9
[etth1_early_best_v2/a015_cautious] [time_series] ssml_conflict_aware_projection=0
[etth1_early_best_v2/a015_cautious] [time_series] ssml_freeze_peer=0
[etth1_early_best_v2/a015_cautious] [time_series] ssml_worse_only_update=0
[etth1_early_best_v2/a015_cautious] [time_series] ssml_anchor_weight=0.0
[etth1_early_best_v2/a015_cautious] [time_series] init_checkpoint_template=
[etth1_early_best_v2/a015_cautious] [time_series] peer_init_checkpoint_template=
[etth1_early_best_v2/a015_cautious] [time_series] early_stop_patience=0 early_stop_min_epochs=0 early_stop_min_delta=0.0
[etth1_early_best_v2/a015_cautious] [time_series] live_plot_interval=2
[etth1_early_best_v2/a015_cautious] [time_series] dataset=etth1 pair=transformer:dlinear method=ssml seed=0 pred_len=24
[etth1_early_best_v2/a015_cautious] [time_series] run_dir=results/time_series_etth1_early_best_v2_worker1_gpu0/a015_cautious/time_series/etth1/transformer__dlinear_ssml_huber_seed0
[etth1_early_best_v2/a015_cautious] [time_series] params=419240
[etth1_early_best_v2/a015_cautious] [time_series][epoch 001] lambda=0.0000 g_scale=0.000 train_total=0.37563460 train_sup=0.37563460 train_imit=0.00000000 mean_w=0.0000 active=0.0000 s_dense=0.00 s_pos=0.4614 s_sel=0.0000 s_sel_pos=0.0000 s_hot_err=0.000000 s_bg_err=0.375635 s_gap=0.000000 conf_cos=0.0000 conf_proj=0.00 val_mse=0.33803514 val_mae=0.40227325 | p_pos=0.4346 p_dense=0.00 p_sel=0.0000 p_sel_pos=0.0000 p_hot_err=0.000000 p_bg_err=0.385417 p_gap=0.000000 peer_val_mse=0.31982819 peer_val_mae=0.38304872
[etth1_early_best_v2/a015_cautious] [time_series][epoch 002] lambda=0.0005 g_scale=1.000 train_total=0.25836181 train_sup=0.25836181 train_imit=0.00000000 mean_w=2.3664 active=0.0119 s_dense=0.00 s_pos=0.4328 s_sel=0.0119 s_sel_pos=0.0275 s_hot_err=2.366419 s_bg_err=0.229026 s_gap=0.952581 conf_cos=0.0000 conf_proj=0.00 val_mse=0.34388633 val_mae=0.40416575 | p_pos=0.4288 p_dense=0.00 p_sel=0.0119 p_sel_pos=0.0278 p_hot_err=2.834639 p_bg_err=0.252247 p_gap=1.296634 peer_val_mse=0.29950697 peer_val_mae=0.36846203
[etth1_early_best_v2/a015_cautious] [time_series][epoch 002] updated live plot
[etth1_early_best_v2/a015_cautious] [time_series][epoch 003] lambda=0.0004 g_scale=0.750 train_total=0.23834573 train_sup=0.23834573 train_imit=0.00000000 mean_w=2.1615 active=0.0119 s_dense=0.00 s_pos=0.4246 s_sel=0.0119 s_sel_pos=0.0281 s_hot_err=2.161519 s_bg_err=0.212479 s_gap=0.879455 conf_cos=0.0000 conf_proj=0.00 val_mse=0.33495527 val_mae=0.40290957 | p_pos=0.4270 p_dense=0.00 p_sel=0.0119 p_sel_pos=0.0279 p_hot_err=2.707991 p_bg_err=0.241700 p_gap=1.241809 peer_val_mse=0.29028193 peer_val_mae=0.36011601
[etth1_early_best_v2/a015_cautious] [time_series][epoch 004] lambda=0.0003 g_scale=0.500 train_total=0.22223145 train_sup=0.22223145 train_imit=0.00000000 mean_w=2.0226 active=0.0119 s_dense=0.00 s_pos=0.4159 s_sel=0.0119 s_sel_pos=0.0287 s_hot_err=2.022550 s_bg_err=0.198858 s_gap=0.849374 conf_cos=0.0000 conf_proj=0.00 val_mse=0.33768787 val_mae=0.40201657 | p_pos=0.4291 p_dense=0.00 p_sel=0.0119 p_sel_pos=0.0278 p_hot_err=2.657322 p_bg_err=0.236391 p_gap=1.276517 peer_val_mse=0.28590715 peer_val_mae=0.35535632
[etth1_early_best_v2/a015_cautious] [time_series][epoch 004] updated live plot
[etth1_early_best_v2/a015_cautious] [time_series][epoch 005] lambda=0.0001 g_scale=0.250 train_total=0.20982876 train_sup=0.20982876 train_imit=0.00000000 mean_w=1.9180 active=0.0119 s_dense=0.00 s_pos=0.4071 s_sel=0.0119 s_sel_pos=0.0293 s_hot_err=1.918032 s_bg_err=0.188449 s_gap=0.835937 conf_cos=0.0000 conf_proj=0.00 val_mse=0.32689746 val_mae=0.39558181 | p_pos=0.4343 p_dense=0.00 p_sel=0.0119 p_sel_pos=0.0274 p_hot_err=2.632919 p_bg_err=0.233389 p_gap=1.328647 peer_val_mse=0.28066689 peer_val_mae=0.34951016
[etth1_early_best_v2/a015_cautious] [time_series][epoch 006] lambda=0.0000 g_scale=0.000 train_total=0.19710145 train_sup=0.19710145 train_imit=0.00000000 mean_w=0.0000 active=0.0000 s_dense=0.00 s_pos=0.4028 s_sel=0.0000 s_sel_pos=0.0000 s_hot_err=0.000000 s_bg_err=0.197101 s_gap=0.000000 conf_cos=0.0000 conf_proj=0.00 val_mse=0.31531877 val_mae=0.38328002 | p_pos=0.4363 p_dense=0.00 p_sel=0.0000 p_sel_pos=0.0000 p_hot_err=0.000000 p_bg_err=0.259437 p_gap=0.000000 peer_val_mse=0.28100607 peer_val_mae=0.35276885
[etth1_early_best_v2/a015_cautious] [time_series][epoch 006] updated live plot
[etth1_early_best_v2/a015_cautious] [time_series][epoch 007] lambda=0.0000 g_scale=0.000 train_total=0.18666998 train_sup=0.18666998 train_imit=0.00000000 mean_w=0.0000 active=0.0000 s_dense=0.00 s_pos=0.3946 s_sel=0.0000 s_sel_pos=0.0000 s_hot_err=0.000000 s_bg_err=0.186670 s_gap=0.000000 conf_cos=0.0000 conf_proj=0.00 val_mse=0.33594331 val_mae=0.39802191 | p_pos=0.4428 p_dense=0.00 p_sel=0.0000 p_sel_pos=0.0000 p_hot_err=0.000000 p_bg_err=0.258284 p_gap=0.000000 peer_val_mse=0.27666397 peer_val_mae=0.34548154
[etth1_early_best_v2/a015_cautious] [time_series][epoch 008] lambda=0.0000 g_scale=0.000 train_total=0.17732042 train_sup=0.17732042 train_imit=0.00000000 mean_w=0.0000 active=0.0000 s_dense=0.00 s_pos=0.3877 s_sel=0.0000 s_sel_pos=0.0000 s_hot_err=0.000000 s_bg_err=0.177320 s_gap=0.000000 conf_cos=0.0000 conf_proj=0.00 val_mse=0.36526001 val_mae=0.42700719 | p_pos=0.4484 p_dense=0.00 p_sel=0.0000 p_sel_pos=0.0000 p_hot_err=0.000000 p_bg_err=0.257278 p_gap=0.000000 peer_val_mse=0.27621081 peer_val_mae=0.34451846
[etth1_early_best_v2/a015_cautious] [time_series][epoch 008] updated live plot
[etth1_early_best_v2/a015_cautious] [time_series][epoch 009] lambda=0.0000 g_scale=0.000 train_total=0.17127869 train_sup=0.17127869 train_imit=0.00000000 mean_w=0.0000 active=0.0000 s_dense=0.00 s_pos=0.3859 s_sel=0.0000 s_sel_pos=0.0000 s_hot_err=0.000000 s_bg_err=0.171279 s_gap=0.000000 conf_cos=0.0000 conf_proj=0.00 val_mse=0.36443995 val_mae=0.42221955 | p_pos=0.4496 p_dense=0.00 p_sel=0.0000 p_sel_pos=0.0000 p_hot_err=0.000000 p_bg_err=0.256444 p_gap=0.000000 peer_val_mse=0.27566945 peer_val_mae=0.34334960
[etth1_early_best_v2/a015_cautious] [time_series][epoch 010] lambda=0.0000 g_scale=0.000 train_total=0.16022450 train_sup=0.16022450 train_imit=0.00000000 mean_w=0.0000 active=0.0000 s_dense=0.00 s_pos=0.3756 s_sel=0.0000 s_sel_pos=0.0000 s_hot_err=0.000000 s_bg_err=0.160225 s_gap=0.000000 conf_cos=0.0000 conf_proj=0.00 val_mse=0.34422344 val_mae=0.40144859 | p_pos=0.4587 p_dense=0.00 p_sel=0.0000 p_sel_pos=0.0000 p_hot_err=0.000000 p_bg_err=0.256025 p_gap=0.000000 peer_val_mse=0.27845545 peer_val_mae=0.34867361
[etth1_early_best_v2/a015_cautious] [time_series][epoch 010] updated live plot
[etth1_early_best_v2/a015_cautious] [time_series][epoch 011] lambda=0.0000 g_scale=0.000 train_total=0.15414263 train_sup=0.15414263 train_imit=0.00000000 mean_w=0.0000 active=0.0000 s_dense=0.00 s_pos=0.3705 s_sel=0.0000 s_sel_pos=0.0000 s_hot_err=0.000000 s_bg_err=0.154143 s_gap=0.000000 conf_cos=0.0000 conf_proj=0.00 val_mse=0.38417978 val_mae=0.43825865 | p_pos=0.4629 p_dense=0.00 p_sel=0.0000 p_sel_pos=0.0000 p_hot_err=0.000000 p_bg_err=0.255581 p_gap=0.000000 peer_val_mse=0.27548293 peer_val_mae=0.34398987
[etth1_early_best_v2/a015_cautious] [time_series][epoch 012] lambda=0.0000 g_scale=0.000 train_total=0.14566800 train_sup=0.14566800 train_imit=0.00000000 mean_w=0.0000 active=0.0000 s_dense=0.00 s_pos=0.3631 s_sel=0.0000 s_sel_pos=0.0000 s_hot_err=0.000000 s_bg_err=0.145668 s_gap=0.000000 conf_cos=0.0000 conf_proj=0.00 val_mse=0.35096520 val_mae=0.42026012 | p_pos=0.4694 p_dense=0.00 p_sel=0.0000 p_sel_pos=0.0000 p_hot_err=0.000000 p_bg_err=0.255630 p_gap=0.000000 peer_val_mse=0.27544052 peer_val_mae=0.34423721
[etth1_early_best_v2/a015_cautious] [time_series][epoch 012] updated live plot
[etth1_early_best_v2/a015_cautious] [time_series][ssml_diag] gate_mode=peer_better_student_error score_transform=none window_score_k=1 smooth_k=1 expand_k=1 tail_start=0.00 residual_beta=1.000 ema_decay=0.000 weight_mode=score freeze_peer=False worse_only=False anchor_w=0.00000 imit_space=raw residual_space_k=9 conflict_proj=0 topk_scope=total max_sel=1.000 adaptive_dense_thr=1.100 positive_upper_q=1.000 guidance_schedule=warmup_then_decay first_active_epoch=2 best_before_active=0.33803514@1 best_after_active=0.31531877@6
[etth1_early_best_v2/a015_cautious] [time_series] done
[etth1_early_best_v2/a015_cautious] [time_series] dataset=etth1 pair=transformer:dlinear method=ssml seed=1 pred_len=24
[etth1_early_best_v2/a015_cautious] [time_series] run_dir=results/time_series_etth1_early_best_v2_worker1_gpu0/a015_cautious/time_series/etth1/transformer__dlinear_ssml_huber_seed1
[etth1_early_best_v2/a015_cautious] [time_series] params=419240
[etth1_early_best_v2/a015_cautious] [time_series][epoch 001] lambda=0.0000 g_scale=0.000 train_total=0.36181708 train_sup=0.36181708 train_imit=0.00000000 mean_w=0.0000 active=0.0000 s_dense=0.00 s_pos=0.4474 s_sel=0.0000 s_sel_pos=0.0000 s_hot_err=0.000000 s_bg_err=0.361817 s_gap=0.000000 conf_cos=0.0000 conf_proj=0.00 val_mse=0.34713178 val_mae=0.41813733 | p_pos=0.4475 p_dense=0.00 p_sel=0.0000 p_sel_pos=0.0000 p_hot_err=0.000000 p_bg_err=0.399038 p_gap=0.000000 peer_val_mse=0.32395083 peer_val_mae=0.38970986
[etth1_early_best_v2/a015_cautious] [time_series][epoch 002] lambda=0.0005 g_scale=1.000 train_total=0.25686950 train_sup=0.25686950 train_imit=0.00000000 mean_w=2.3241 active=0.0119 s_dense=0.00 s_pos=0.4309 s_sel=0.0119 s_sel_pos=0.0277 s_hot_err=2.324131 s_bg_err=0.228099 s_gap=0.921978 conf_cos=0.0000 conf_proj=0.00 val_mse=0.34600732 val_mae=0.41245838 | p_pos=0.4314 p_dense=0.00 p_sel=0.0119 p_sel_pos=0.0276 p_hot_err=2.847406 p_bg_err=0.253099 p_gap=1.302269 peer_val_mse=0.29881626 peer_val_mae=0.36811203
[etth1_early_best_v2/a015_cautious] [time_series][epoch 002] updated live plot
[etth1_early_best_v2/a015_cautious] [time_series][epoch 003] lambda=0.0004 g_scale=0.750 train_total=0.23352413 train_sup=0.23352413 train_imit=0.00000000 mean_w=2.0905 active=0.0119 s_dense=0.00 s_pos=0.4205 s_sel=0.0119 s_sel_pos=0.0283 s_hot_err=2.090520 s_bg_err=0.208546 s_gap=0.852850 conf_cos=0.0000 conf_proj=0.00 val_mse=0.33819369 val_mae=0.40339676 | p_pos=0.4314 p_dense=0.00 p_sel=0.0119 p_sel_pos=0.0276 p_hot_err=2.729593 p_bg_err=0.242042 p_gap=1.274257 peer_val_mse=0.28829585 peer_val_mae=0.35670420
[etth1_early_best_v2/a015_cautious] [time_series][epoch 004] lambda=0.0003 g_scale=0.500 train_total=0.21552502 train_sup=0.21552502 train_imit=0.00000000 mean_w=1.9385 active=0.0119 s_dense=0.00 s_pos=0.4107 s_sel=0.0119 s_sel_pos=0.0290 s_hot_err=1.938536 s_bg_err=0.193153 s_gap=0.830793 conf_cos=0.0000 conf_proj=0.00 val_mse=0.33543164 val_mae=0.40150683 | p_pos=0.4349 p_dense=0.00 p_sel=0.0119 p_sel_pos=0.0274 p_hot_err=2.683905 p_bg_err=0.236672 p_gap=1.341059 peer_val_mse=0.28651007 peer_val_mae=0.35665725
[etth1_early_best_v2/a015_cautious] [time_series][epoch 004] updated live plot
[etth1_early_best_v2/a015_cautious] [time_series][epoch 005] lambda=0.0001 g_scale=0.250 train_total=0.20280760 train_sup=0.20280760 train_imit=0.00000000 mean_w=1.8335 active=0.0119 s_dense=0.00 s_pos=0.4053 s_sel=0.0119 s_sel_pos=0.0294 s_hot_err=1.833540 s_bg_err=0.182399 s_gap=0.823167 conf_cos=0.0000 conf_proj=0.00 val_mse=0.32157953 val_mae=0.38612465 | p_pos=0.4378 p_dense=0.00 p_sel=0.0119 p_sel_pos=0.0272 p_hot_err=2.663351 p_bg_err=0.233239 p_gap=1.407796 peer_val_mse=0.28070951 peer_val_mae=0.35014982
[etth1_early_best_v2/a015_cautious] [time_series][epoch 006] lambda=0.0000 g_scale=0.000 train_total=0.18951128 train_sup=0.18951128 train_imit=0.00000000 mean_w=0.0000 active=0.0000 s_dense=0.00 s_pos=0.3974 s_sel=0.0000 s_sel_pos=0.0000 s_hot_err=0.000000 s_bg_err=0.189511 s_gap=0.000000 conf_cos=0.0000 conf_proj=0.00 val_mse=0.32693741 val_mae=0.39417600 | p_pos=0.4425 p_dense=0.00 p_sel=0.0000 p_sel_pos=0.0000 p_hot_err=0.000000 p_bg_err=0.260082 p_gap=0.000000 peer_val_mse=0.27967222 peer_val_mae=0.34906475
[etth1_early_best_v2/a015_cautious] [time_series][epoch 006] updated live plot
[etth1_early_best_v2/a015_cautious] [time_series][epoch 007] lambda=0.0000 g_scale=0.000 train_total=0.17934176 train_sup=0.17934176 train_imit=0.00000000 mean_w=0.0000 active=0.0000 s_dense=0.00 s_pos=0.3908 s_sel=0.0000 s_sel_pos=0.0000 s_hot_err=0.000000 s_bg_err=0.179342 s_gap=0.000000 conf_cos=0.0000 conf_proj=0.00 val_mse=0.36103787 val_mae=0.42171989 | p_pos=0.4478 p_dense=0.00 p_sel=0.0000 p_sel_pos=0.0000 p_hot_err=0.000000 p_bg_err=0.258628 p_gap=0.000000 peer_val_mse=0.27954891 peer_val_mae=0.34946902
[etth1_early_best_v2/a015_cautious] [time_series][epoch 008] lambda=0.0000 g_scale=0.000 train_total=0.16844161 train_sup=0.16844161 train_imit=0.00000000 mean_w=0.0000 active=0.0000 s_dense=0.00 s_pos=0.3824 s_sel=0.0000 s_sel_pos=0.0000 s_hot_err=0.000000 s_bg_err=0.168442 s_gap=0.000000 conf_cos=0.0000 conf_proj=0.00 val_mse=0.36217582 val_mae=0.41841339 | p_pos=0.4536 p_dense=0.00 p_sel=0.0000 p_sel_pos=0.0000 p_hot_err=0.000000 p_bg_err=0.257311 p_gap=0.000000 peer_val_mse=0.27438636 peer_val_mae=0.34278321
[etth1_early_best_v2/a015_cautious] [time_series][epoch 008] updated live plot
[etth1_early_best_v2/a015_cautious] [time_series][epoch 009] lambda=0.0000 g_scale=0.000 train_total=0.15949078 train_sup=0.15949078 train_imit=0.00000000 mean_w=0.0000 active=0.0000 s_dense=0.00 s_pos=0.3756 s_sel=0.0000 s_sel_pos=0.0000 s_hot_err=0.000000 s_bg_err=0.159491 s_gap=0.000000 conf_cos=0.0000 conf_proj=0.00 val_mse=0.34131551 val_mae=0.40340478 | p_pos=0.4589 p_dense=0.00 p_sel=0.0000 p_sel_pos=0.0000 p_hot_err=0.000000 p_bg_err=0.256649 p_gap=0.000000 peer_val_mse=0.27455579 peer_val_mae=0.34342191
[etth1_early_best_v2/a015_cautious] [time_series][epoch 010] lambda=0.0000 g_scale=0.000 train_total=0.15227542 train_sup=0.15227542 train_imit=0.00000000 mean_w=0.0000 active=0.0000 s_dense=0.00 s_pos=0.3696 s_sel=0.0000 s_sel_pos=0.0000 s_hot_err=0.000000 s_bg_err=0.152275 s_gap=0.000000 conf_cos=0.0000 conf_proj=0.00 val_mse=0.39548669 val_mae=0.44027512 | p_pos=0.4640 p_dense=0.00 p_sel=0.0000 p_sel_pos=0.0000 p_hot_err=0.000000 p_bg_err=0.255902 p_gap=0.000000 peer_val_mse=0.27613442 peer_val_mae=0.34715688
[etth1_early_best_v2/a015_cautious] [time_series][epoch 010] updated live plot
[etth1_early_best_v2/a015_cautious] [time_series][epoch 011] lambda=0.0000 g_scale=0.000 train_total=0.14528034 train_sup=0.14528034 train_imit=0.00000000 mean_w=0.0000 active=0.0000 s_dense=0.00 s_pos=0.3650 s_sel=0.0000 s_sel_pos=0.0000 s_hot_err=0.000000 s_bg_err=0.145280 s_gap=0.000000 conf_cos=0.0000 conf_proj=0.00 val_mse=0.35646553 val_mae=0.42001758 | p_pos=0.4682 p_dense=0.00 p_sel=0.0000 p_sel_pos=0.0000 p_hot_err=0.000000 p_bg_err=0.255666 p_gap=0.000000 peer_val_mse=0.27552525 peer_val_mae=0.34385152
[etth1_early_best_v2/a015_cautious] [time_series][epoch 012] lambda=0.0000 g_scale=0.000 train_total=0.13801715 train_sup=0.13801715 train_imit=0.00000000 mean_w=0.0000 active=0.0000 s_dense=0.00 s_pos=0.3576 s_sel=0.0000 s_sel_pos=0.0000 s_hot_err=0.000000 s_bg_err=0.138017 s_gap=0.000000 conf_cos=0.0000 conf_proj=0.00 val_mse=0.35743536 val_mae=0.41990528 | p_pos=0.4744 p_dense=0.00 p_sel=0.0000 p_sel_pos=0.0000 p_hot_err=0.000000 p_bg_err=0.255765 p_gap=0.000000 peer_val_mse=0.27454408 peer_val_mae=0.34498144
[etth1_early_best_v2/a015_cautious] [time_series][epoch 012] updated live plot
[etth1_early_best_v2/a015_cautious] [time_series][ssml_diag] gate_mode=peer_better_student_error score_transform=none window_score_k=1 smooth_k=1 expand_k=1 tail_start=0.00 residual_beta=1.000 ema_decay=0.000 weight_mode=score freeze_peer=False worse_only=False anchor_w=0.00000 imit_space=raw residual_space_k=9 conflict_proj=0 topk_scope=total max_sel=1.000 adaptive_dense_thr=1.100 positive_upper_q=1.000 guidance_schedule=warmup_then_decay first_active_epoch=2 best_before_active=0.34713178@1 best_after_active=0.32157953@5
[etth1_early_best_v2/a015_cautious] [time_series] done
[etth1_early_best_v2/a015_cautious] [time_series] dataset=etth1 pair=transformer:dlinear method=ssml seed=2 pred_len=24
[etth1_early_best_v2/a015_cautious] [time_series] run_dir=results/time_series_etth1_early_best_v2_worker1_gpu0/a015_cautious/time_series/etth1/transformer__dlinear_ssml_huber_seed2
[etth1_early_best_v2/a015_cautious] [time_series] params=419240
[etth1_early_best_v2/a015_cautious] [time_series][epoch 001] lambda=0.0000 g_scale=0.000 train_total=0.36041629 train_sup=0.36041629 train_imit=0.00000000 mean_w=0.0000 active=0.0000 s_dense=0.00 s_pos=0.4451 s_sel=0.0000 s_sel_pos=0.0000 s_hot_err=0.000000 s_bg_err=0.360416 s_gap=0.000000 conf_cos=0.0000 conf_proj=0.00 val_mse=0.35551968 val_mae=0.41411209 | p_pos=0.4514 p_dense=0.00 p_sel=0.0000 p_sel_pos=0.0000 p_hot_err=0.000000 p_bg_err=0.412564 p_gap=0.000000 peer_val_mse=0.32380691 peer_val_mae=0.38685179
[etth1_early_best_v2/a015_cautious] [time_series][epoch 002] lambda=0.0005 g_scale=1.000 train_total=0.25735155 train_sup=0.25735155 train_imit=0.00000000 mean_w=2.3588 active=0.0119 s_dense=0.00 s_pos=0.4298 s_sel=0.0119 s_sel_pos=0.0277 s_hot_err=2.358823 s_bg_err=0.228108 s_gap=0.928281 conf_cos=0.0000 conf_proj=0.00 val_mse=0.33569930 val_mae=0.39934097 | p_pos=0.4303 p_dense=0.00 p_sel=0.0119 p_sel_pos=0.0277 p_hot_err=2.859558 p_bg_err=0.252907 p_gap=1.317619 peer_val_mse=0.29719619 peer_val_mae=0.36478881
[etth1_early_best_v2/a015_cautious] [time_series][epoch 002] updated live plot
[etth1_early_best_v2/a015_cautious] [time_series][epoch 003] lambda=0.0004 g_scale=0.750 train_total=0.23466349 train_sup=0.23466349 train_imit=0.00000000 mean_w=2.1035 active=0.0119 s_dense=0.00 s_pos=0.4222 s_sel=0.0119 s_sel_pos=0.0282 s_hot_err=2.103517 s_bg_err=0.209526 s_gap=0.842005 conf_cos=0.0000 conf_proj=0.00 val_mse=0.31727107 val_mae=0.38658854 | p_pos=0.4283 p_dense=0.00 p_sel=0.0119 p_sel_pos=0.0278 p_hot_err=2.734361 p_bg_err=0.241235 p_gap=1.264167 peer_val_mse=0.28955383 peer_val_mae=0.35991263
[etth1_early_best_v2/a015_cautious] [time_series][epoch 004] lambda=0.0003 g_scale=0.500 train_total=0.21998605 train_sup=0.21998605 train_imit=0.00000000 mean_w=1.9910 active=0.0119 s_dense=0.00 s_pos=0.4154 s_sel=0.0119 s_sel_pos=0.0287 s_hot_err=1.990968 s_bg_err=0.196993 s_gap=0.830352 conf_cos=0.0000 conf_proj=0.00 val_mse=0.34361341 val_mae=0.40942766 | p_pos=0.4291 p_dense=0.00 p_sel=0.0119 p_sel_pos=0.0278 p_hot_err=2.667519 p_bg_err=0.235963 p_gap=1.286743 peer_val_mse=0.28471804 peer_val_mae=0.35489671
[etth1_early_best_v2/a015_cautious] [time_series][epoch 004] updated live plot
[etth1_early_best_v2/a015_cautious] [time_series][epoch 005] lambda=0.0001 g_scale=0.250 train_total=0.20515987 train_sup=0.20515987 train_imit=0.00000000 mean_w=1.8507 active=0.0119 s_dense=0.00 s_pos=0.4076 s_sel=0.0119 s_sel_pos=0.0292 s_hot_err=1.850704 s_bg_err=0.184562 s_gap=0.796391 conf_cos=0.0000 conf_proj=0.00 val_mse=0.32087155 val_mae=0.39077243 | p_pos=0.4332 p_dense=0.00 p_sel=0.0119 p_sel_pos=0.0275 p_hot_err=2.657631 p_bg_err=0.232698 p_gap=1.358638 peer_val_mse=0.28218115 peer_val_mae=0.35137548
[etth1_early_best_v2/a015_cautious] [time_series][epoch 006] lambda=0.0000 g_scale=0.000 train_total=0.19373258 train_sup=0.19373258 train_imit=0.00000000 mean_w=0.0000 active=0.0000 s_dense=0.00 s_pos=0.4024 s_sel=0.0000 s_sel_pos=0.0000 s_hot_err=0.000000 s_bg_err=0.193733 s_gap=0.000000 conf_cos=0.0000 conf_proj=0.00 val_mse=0.32291322 val_mae=0.39061251 | p_pos=0.4376 p_dense=0.00 p_sel=0.0000 p_sel_pos=0.0000 p_hot_err=0.000000 p_bg_err=0.259529 p_gap=0.000000 peer_val_mse=0.27986986 peer_val_mae=0.34874289
[etth1_early_best_v2/a015_cautious] [time_series][epoch 006] updated live plot
[etth1_early_best_v2/a015_cautious] [time_series][epoch 007] lambda=0.0000 g_scale=0.000 train_total=0.18353192 train_sup=0.18353192 train_imit=0.00000000 mean_w=0.0000 active=0.0000 s_dense=0.00 s_pos=0.3943 s_sel=0.0000 s_sel_pos=0.0000 s_hot_err=0.000000 s_bg_err=0.183532 s_gap=0.000000 conf_cos=0.0000 conf_proj=0.00 val_mse=0.37994783 val_mae=0.42179283 | p_pos=0.4429 p_dense=0.00 p_sel=0.0000 p_sel_pos=0.0000 p_hot_err=0.000000 p_bg_err=0.257994 p_gap=0.000000 peer_val_mse=0.27794222 peer_val_mae=0.34694027
[etth1_early_best_v2/a015_cautious] [time_series][epoch 008] lambda=0.0000 g_scale=0.000 train_total=0.17366831 train_sup=0.17366831 train_imit=0.00000000 mean_w=0.0000 active=0.0000 s_dense=0.00 s_pos=0.3870 s_sel=0.0000 s_sel_pos=0.0000 s_hot_err=0.000000 s_bg_err=0.173668 s_gap=0.000000 conf_cos=0.0000 conf_proj=0.00 val_mse=0.35057745 val_mae=0.40983172 | p_pos=0.4488 p_dense=0.00 p_sel=0.0000 p_sel_pos=0.0000 p_hot_err=0.000000 p_bg_err=0.257148 p_gap=0.000000 peer_val_mse=0.27749931 peer_val_mae=0.34727162
[etth1_early_best_v2/a015_cautious] [time_series][epoch 008] updated live plot
[etth1_early_best_v2/a015_cautious] [time_series][epoch 009] lambda=0.0000 g_scale=0.000 train_total=0.16523880 train_sup=0.16523880 train_imit=0.00000000 mean_w=0.0000 active=0.0000 s_dense=0.00 s_pos=0.3809 s_sel=0.0000 s_sel_pos=0.0000 s_hot_err=0.000000 s_bg_err=0.165239 s_gap=0.000000 conf_cos=0.0000 conf_proj=0.00 val_mse=0.35871264 val_mae=0.42069617 | p_pos=0.4540 p_dense=0.00 p_sel=0.0000 p_sel_pos=0.0000 p_hot_err=0.000000 p_bg_err=0.256623 p_gap=0.000000 peer_val_mse=0.27565496 peer_val_mae=0.34484521
[etth1_early_best_v2/a015_cautious] [time_series][epoch 010] lambda=0.0000 g_scale=0.000 train_total=0.15586564 train_sup=0.15586564 train_imit=0.00000000 mean_w=0.0000 active=0.0000 s_dense=0.00 s_pos=0.3729 s_sel=0.0000 s_sel_pos=0.0000 s_hot_err=0.000000 s_bg_err=0.155866 s_gap=0.000000 conf_cos=0.0000 conf_proj=0.00 val_mse=0.34637635 val_mae=0.40794815 | p_pos=0.4604 p_dense=0.00 p_sel=0.0000 p_sel_pos=0.0000 p_hot_err=0.000000 p_bg_err=0.256116 p_gap=0.000000 peer_val_mse=0.27417534 peer_val_mae=0.34212948
[etth1_early_best_v2/a015_cautious] [time_series][epoch 010] updated live plot
[etth1_early_best_v2/a015_cautious] [time_series][epoch 011] lambda=0.0000 g_scale=0.000 train_total=0.14846917 train_sup=0.14846917 train_imit=0.00000000 mean_w=0.0000 active=0.0000 s_dense=0.00 s_pos=0.3643 s_sel=0.0000 s_sel_pos=0.0000 s_hot_err=0.000000 s_bg_err=0.148469 s_gap=0.000000 conf_cos=0.0000 conf_proj=0.00 val_mse=0.37115422 val_mae=0.42378363 | p_pos=0.4672 p_dense=0.00 p_sel=0.0000 p_sel_pos=0.0000 p_hot_err=0.000000 p_bg_err=0.255741 p_gap=0.000000 peer_val_mse=0.27643211 peer_val_mae=0.34702025
[etth1_early_best_v2/a015_cautious] [time_series][epoch 012] lambda=0.0000 g_scale=0.000 train_total=0.14291687 train_sup=0.14291687 train_imit=0.00000000 mean_w=0.0000 active=0.0000 s_dense=0.00 s_pos=0.3606 s_sel=0.0000 s_sel_pos=0.0000 s_hot_err=0.000000 s_bg_err=0.142917 s_gap=0.000000 conf_cos=0.0000 conf_proj=0.00 val_mse=0.36629841 val_mae=0.42653592 | p_pos=0.4715 p_dense=0.00 p_sel=0.0000 p_sel_pos=0.0000 p_hot_err=0.000000 p_bg_err=0.255429 p_gap=0.000000 peer_val_mse=0.27456012 peer_val_mae=0.34373628
[etth1_early_best_v2/a015_cautious] [time_series][epoch 012] updated live plot
[etth1_early_best_v2/a015_cautious] [time_series][ssml_diag] gate_mode=peer_better_student_error score_transform=none window_score_k=1 smooth_k=1 expand_k=1 tail_start=0.00 residual_beta=1.000 ema_decay=0.000 weight_mode=score freeze_peer=False worse_only=False anchor_w=0.00000 imit_space=raw residual_space_k=9 conflict_proj=0 topk_scope=total max_sel=1.000 adaptive_dense_thr=1.100 positive_upper_q=1.000 guidance_schedule=warmup_then_decay first_active_epoch=2 best_before_active=0.35551968@1 best_after_active=0.31727107@3
[etth1_early_best_v2/a015_cautious] [time_series] done
[etth1_early_best_v2/a015_cautious] scripts/paper_rerun/run_core_time_series.sh: line 295: stop-min-epochs: command not found
