[worker2/etth1_early_stop_v1] log -> results/logs/non_operator_remaining/worker2_etth1_rerun3/etth1_early_stop_v1_gpu0.log
[worker2/etth1_early_stop_v1] [time_series_etth1_early_stop_v1] output_dir=results/time_series_etth1_early_stop_v1_rerun3_seeds345
[worker2/etth1_early_stop_v1] [time_series_etth1_early_stop_v1] gpu=0 seeds=3 4 5
[worker2/etth1_early_stop_v1] [time_series_etth1_early_stop_v1] model_pairs=transformer:dlinear independent_models=transformer
[worker2/etth1_early_stop_v1] [time_series_etth1_early_stop_v1] epochs=15 early_stop=2/4/0.0005
[worker2/etth1_early_stop_v1] [time_series_etth1_early_stop_v1] lambda=0.001 margin=0.02 topk=0.02 warmup=5
[worker2/etth1_early_stop_v1] [time_series_etth1_early_stop_v1] ssml_supervised_hotspot_alpha=0.5
[worker2/etth1_early_stop_v1] [time_series_etth1_early_stop_v1] ssml_gate_score_mode=peer_better_student_error
[worker2/etth1_early_stop_v1] [time_series_etth1_early_stop_v1] ssml_score_transform=none
[worker2/etth1_early_stop_v1] [time_series_etth1_early_stop_v1] ssml_guidance_mode=reweight_only
[worker2/etth1_early_stop_v1] [etth1_early_stop_v1/all_methods] log -> results/logs/non_operator_remaining/worker2_etth1_rerun3/all_methods.log
[worker2/etth1_early_stop_v1] [etth1_early_stop_v1/all_methods] [time_series] output_dir=results/time_series_etth1_early_stop_v1_rerun3_seeds345
[worker2/etth1_early_stop_v1] [etth1_early_stop_v1/all_methods] [time_series] methods=independent dml ssml
[worker2/etth1_early_stop_v1] [etth1_early_stop_v1/all_methods] [time_series] model_pairs=transformer:dlinear
[worker2/etth1_early_stop_v1] [etth1_early_stop_v1/all_methods] [time_series] ssml_topk_ratio=0.02
[worker2/etth1_early_stop_v1] [etth1_early_stop_v1/all_methods] [time_series] ssml_topk_scope=total
[worker2/etth1_early_stop_v1] [etth1_early_stop_v1/all_methods] [time_series] ssml_max_selected_ratio=1.0
[worker2/etth1_early_stop_v1] [etth1_early_stop_v1/all_methods] [time_series] ssml_adaptive_dense_threshold=1.1
[worker2/etth1_early_stop_v1] [etth1_early_stop_v1/all_methods] [time_series] ssml_adaptive_dense_topk_ratio=1.0
[worker2/etth1_early_stop_v1] [etth1_early_stop_v1/all_methods] [time_series] ssml_adaptive_dense_topk_scope=positive
[worker2/etth1_early_stop_v1] [etth1_early_stop_v1/all_methods] [time_series] ssml_adaptive_dense_max_selected_ratio=1.0
[worker2/etth1_early_stop_v1] [etth1_early_stop_v1/all_methods] [time_series] ssml_adaptive_dense_score_smoothing_kernel=-1
[worker2/etth1_early_stop_v1] [etth1_early_stop_v1/all_methods] [time_series] ssml_adaptive_dense_window_expand_kernel=-1
[worker2/etth1_early_stop_v1] [etth1_early_stop_v1/all_methods] [time_series] ssml_supervised_hotspot_alpha=0.5
[worker2/etth1_early_stop_v1] [etth1_early_stop_v1/all_methods] [time_series] ssml_supervised_weight_mode=score
[worker2/etth1_early_stop_v1] [etth1_early_stop_v1/all_methods] [time_series] ssml_gate_score_mode=peer_better_student_error
[worker2/etth1_early_stop_v1] [etth1_early_stop_v1/all_methods] [time_series] ssml_score_transform=none
[worker2/etth1_early_stop_v1] [etth1_early_stop_v1/all_methods] [time_series] ssml_positive_upper_quantile=1.0
[worker2/etth1_early_stop_v1] [etth1_early_stop_v1/all_methods] [time_series] ssml_guidance_mode=reweight_only
[worker2/etth1_early_stop_v1] [etth1_early_stop_v1/all_methods] [time_series] ssml_score_smoothing_kernel=1
[worker2/etth1_early_stop_v1] [etth1_early_stop_v1/all_methods] [time_series] ssml_window_score_kernel=1
[worker2/etth1_early_stop_v1] [etth1_early_stop_v1/all_methods] [time_series] ssml_window_expand_kernel=1
[worker2/etth1_early_stop_v1] [etth1_early_stop_v1/all_methods] [time_series] ssml_tail_start_ratio=0.0
[worker2/etth1_early_stop_v1] [etth1_early_stop_v1/all_methods] [time_series] ssml_residual_beta=1.0
[worker2/etth1_early_stop_v1] [etth1_early_stop_v1/all_methods] [time_series] ssml_ema_decay=0.0
[worker2/etth1_early_stop_v1] [etth1_early_stop_v1/all_methods] [time_series] ssml_imitation_space=raw
[worker2/etth1_early_stop_v1] [etth1_early_stop_v1/all_methods] [time_series] ssml_residual_space_kernel=9
[worker2/etth1_early_stop_v1] [etth1_early_stop_v1/all_methods] [time_series] ssml_conflict_aware_projection=0
[worker2/etth1_early_stop_v1] [etth1_early_stop_v1/all_methods] [time_series] ssml_freeze_peer=0
[worker2/etth1_early_stop_v1] [etth1_early_stop_v1/all_methods] [time_series] ssml_worse_only_update=0
[worker2/etth1_early_stop_v1] [etth1_early_stop_v1/all_methods] [time_series] ssml_anchor_weight=0.0
[worker2/etth1_early_stop_v1] [etth1_early_stop_v1/all_methods] [time_series] init_checkpoint_template=
[worker2/etth1_early_stop_v1] [etth1_early_stop_v1/all_methods] [time_series] peer_init_checkpoint_template=
[worker2/etth1_early_stop_v1] [etth1_early_stop_v1/all_methods] [time_series] early_stop_patience=2 early_stop_min_epochs=4 early_stop_min_delta=0.0005
[worker2/etth1_early_stop_v1] [etth1_early_stop_v1/all_methods] [time_series] live_plot_interval=1
[worker2/etth1_early_stop_v1] [etth1_early_stop_v1/all_methods] [time_series] dataset=etth1 model=transformer method=independent seed=3 pred_len=24
[worker2/etth1_early_stop_v1] [etth1_early_stop_v1/all_methods] [time_series] run_dir=results/time_series_etth1_early_stop_v1_rerun3_seeds345/time_series/etth1/transformer_independent_huber_seed3
[worker2/etth1_early_stop_v1] [etth1_early_stop_v1/all_methods] [time_series] params=419240
[worker2/etth1_early_stop_v1] [etth1_early_stop_v1/all_methods] [time_series][epoch 001] lambda=0.0000 g_scale=0.000 train_total=0.36715894 train_sup=0.36715894 train_imit=0.00000000 mean_w=0.0000 active=0.0000 s_dense=0.00 s_pos=0.0000 s_sel=0.0000 s_sel_pos=0.0000 s_hot_err=0.000000 s_bg_err=0.000000 s_gap=0.000000 conf_cos=0.0000 conf_proj=0.00 val_mse=0.35092081 val_mae=0.41681228
[worker2/etth1_early_stop_v1] [etth1_early_stop_v1/all_methods] [time_series][epoch 001] updated live plot
[worker2/etth1_early_stop_v1] [etth1_early_stop_v1/all_methods] [time_series][epoch 002] lambda=0.0000 g_scale=0.000 train_total=0.25538510 train_sup=0.25538510 train_imit=0.00000000 mean_w=0.0000 active=0.0000 s_dense=0.00 s_pos=0.0000 s_sel=0.0000 s_sel_pos=0.0000 s_hot_err=0.000000 s_bg_err=0.000000 s_gap=0.000000 conf_cos=0.0000 conf_proj=0.00 val_mse=0.32893829 val_mae=0.39299430
[worker2/etth1_early_stop_v1] [etth1_early_stop_v1/all_methods] [time_series][epoch 002] updated live plot
[worker2/etth1_early_stop_v1] [etth1_early_stop_v1/all_methods] [time_series][epoch 003] lambda=0.0000 g_scale=0.000 train_total=0.23454718 train_sup=0.23454718 train_imit=0.00000000 mean_w=0.0000 active=0.0000 s_dense=0.00 s_pos=0.0000 s_sel=0.0000 s_sel_pos=0.0000 s_hot_err=0.000000 s_bg_err=0.000000 s_gap=0.000000 conf_cos=0.0000 conf_proj=0.00 val_mse=0.34280941 val_mae=0.40600765
[worker2/etth1_early_stop_v1] [etth1_early_stop_v1/all_methods] [time_series][epoch 003] updated live plot
[worker2/etth1_early_stop_v1] [etth1_early_stop_v1/all_methods] [time_series][epoch 004] lambda=0.0000 g_scale=0.000 train_total=0.21907288 train_sup=0.21907288 train_imit=0.00000000 mean_w=0.0000 active=0.0000 s_dense=0.00 s_pos=0.0000 s_sel=0.0000 s_sel_pos=0.0000 s_hot_err=0.000000 s_bg_err=0.000000 s_gap=0.000000 conf_cos=0.0000 conf_proj=0.00 val_mse=0.32440088 val_mae=0.39066237
[worker2/etth1_early_stop_v1] [etth1_early_stop_v1/all_methods] [time_series][epoch 004] updated live plot
[worker2/etth1_early_stop_v1] [etth1_early_stop_v1/all_methods] [time_series][epoch 005] lambda=0.0000 g_scale=0.000 train_total=0.20215946 train_sup=0.20215946 train_imit=0.00000000 mean_w=0.0000 active=0.0000 s_dense=0.00 s_pos=0.0000 s_sel=0.0000 s_sel_pos=0.0000 s_hot_err=0.000000 s_bg_err=0.000000 s_gap=0.000000 conf_cos=0.0000 conf_proj=0.00 val_mse=0.35588535 val_mae=0.41581758
[worker2/etth1_early_stop_v1] [etth1_early_stop_v1/all_methods] [time_series][epoch 005] updated live plot
[worker2/etth1_early_stop_v1] [etth1_early_stop_v1/all_methods] [time_series][epoch 006] lambda=0.0000 g_scale=0.000 train_total=0.19087557 train_sup=0.19087557 train_imit=0.00000000 mean_w=0.0000 active=0.0000 s_dense=0.00 s_pos=0.0000 s_sel=0.0000 s_sel_pos=0.0000 s_hot_err=0.000000 s_bg_err=0.000000 s_gap=0.000000 conf_cos=0.0000 conf_proj=0.00 val_mse=0.33086531 val_mae=0.38598440
[worker2/etth1_early_stop_v1] [etth1_early_stop_v1/all_methods] [time_series][epoch 006] early stop: no val_mse improvement greater than 0.0005 for 2 epoch(s)
[worker2/etth1_early_stop_v1] [etth1_early_stop_v1/all_methods] [time_series][epoch 006] updated live plot
[worker2/etth1_early_stop_v1] [etth1_early_stop_v1/all_methods] [time_series] done
[worker2/etth1_early_stop_v1] [etth1_early_stop_v1/all_methods] [time_series] dataset=etth1 model=transformer method=independent seed=4 pred_len=24
[worker2/etth1_early_stop_v1] [etth1_early_stop_v1/all_methods] [time_series] run_dir=results/time_series_etth1_early_stop_v1_rerun3_seeds345/time_series/etth1/transformer_independent_huber_seed4
[worker2/etth1_early_stop_v1] [etth1_early_stop_v1/all_methods] [time_series] params=419240
[worker2/etth1_early_stop_v1] [etth1_early_stop_v1/all_methods] [time_series][epoch 001] lambda=0.0000 g_scale=0.000 train_total=0.36103735 train_sup=0.36103735 train_imit=0.00000000 mean_w=0.0000 active=0.0000 s_dense=0.00 s_pos=0.0000 s_sel=0.0000 s_sel_pos=0.0000 s_hot_err=0.000000 s_bg_err=0.000000 s_gap=0.000000 conf_cos=0.0000 conf_proj=0.00 val_mse=0.35698043 val_mae=0.42204475
[worker2/etth1_early_stop_v1] [etth1_early_stop_v1/all_methods] [time_series][epoch 001] updated live plot
[worker2/etth1_early_stop_v1] [etth1_early_stop_v1/all_methods] [time_series][epoch 002] lambda=0.0000 g_scale=0.000 train_total=0.25262724 train_sup=0.25262724 train_imit=0.00000000 mean_w=0.0000 active=0.0000 s_dense=0.00 s_pos=0.0000 s_sel=0.0000 s_sel_pos=0.0000 s_hot_err=0.000000 s_bg_err=0.000000 s_gap=0.000000 conf_cos=0.0000 conf_proj=0.00 val_mse=0.30817257 val_mae=0.38382685
[worker2/etth1_early_stop_v1] [etth1_early_stop_v1/all_methods] [time_series][epoch 002] updated live plot
[worker2/etth1_early_stop_v1] [etth1_early_stop_v1/all_methods] [time_series][epoch 003] lambda=0.0000 g_scale=0.000 train_total=0.23207892 train_sup=0.23207892 train_imit=0.00000000 mean_w=0.0000 active=0.0000 s_dense=0.00 s_pos=0.0000 s_sel=0.0000 s_sel_pos=0.0000 s_hot_err=0.000000 s_bg_err=0.000000 s_gap=0.000000 conf_cos=0.0000 conf_proj=0.00 val_mse=0.35187937 val_mae=0.41301396
[worker2/etth1_early_stop_v1] [etth1_early_stop_v1/all_methods] [time_series][epoch 003] updated live plot
[worker2/etth1_early_stop_v1] [etth1_early_stop_v1/all_methods] [time_series][epoch 004] lambda=0.0000 g_scale=0.000 train_total=0.21520853 train_sup=0.21520853 train_imit=0.00000000 mean_w=0.0000 active=0.0000 s_dense=0.00 s_pos=0.0000 s_sel=0.0000 s_sel_pos=0.0000 s_hot_err=0.000000 s_bg_err=0.000000 s_gap=0.000000 conf_cos=0.0000 conf_proj=0.00 val_mse=0.33277049 val_mae=0.39744712
[worker2/etth1_early_stop_v1] [etth1_early_stop_v1/all_methods] [time_series][epoch 004] updated live plot
[worker2/etth1_early_stop_v1] [etth1_early_stop_v1/all_methods] [time_series][epoch 005] lambda=0.0000 g_scale=0.000 train_total=0.20081409 train_sup=0.20081409 train_imit=0.00000000 mean_w=0.0000 active=0.0000 s_dense=0.00 s_pos=0.0000 s_sel=0.0000 s_sel_pos=0.0000 s_hot_err=0.000000 s_bg_err=0.000000 s_gap=0.000000 conf_cos=0.0000 conf_proj=0.00 val_mse=0.31612310 val_mae=0.39597479
[worker2/etth1_early_stop_v1] [etth1_early_stop_v1/all_methods] [time_series][epoch 005] early stop: no val_mse improvement greater than 0.0005 for 2 epoch(s)
[worker2/etth1_early_stop_v1] [etth1_early_stop_v1/all_methods] [time_series][epoch 005] updated live plot
[worker2/etth1_early_stop_v1] [etth1_early_stop_v1/all_methods] [time_series] done
[worker2/etth1_early_stop_v1] [etth1_early_stop_v1/all_methods] [time_series] dataset=etth1 model=transformer method=independent seed=5 pred_len=24
[worker2/etth1_early_stop_v1] [etth1_early_stop_v1/all_methods] [time_series] run_dir=results/time_series_etth1_early_stop_v1_rerun3_seeds345/time_series/etth1/transformer_independent_huber_seed5
[worker2/etth1_early_stop_v1] [etth1_early_stop_v1/all_methods] [time_series] params=419240
[worker2/etth1_early_stop_v1] [etth1_early_stop_v1/all_methods] [time_series][epoch 001] lambda=0.0000 g_scale=0.000 train_total=0.36783115 train_sup=0.36783115 train_imit=0.00000000 mean_w=0.0000 active=0.0000 s_dense=0.00 s_pos=0.0000 s_sel=0.0000 s_sel_pos=0.0000 s_hot_err=0.000000 s_bg_err=0.000000 s_gap=0.000000 conf_cos=0.0000 conf_proj=0.00 val_mse=0.36516835 val_mae=0.42184858
[worker2/etth1_early_stop_v1] [etth1_early_stop_v1/all_methods] [time_series][epoch 001] updated live plot
[worker2/etth1_early_stop_v1] [etth1_early_stop_v1/all_methods] [time_series][epoch 002] lambda=0.0000 g_scale=0.000 train_total=0.25487755 train_sup=0.25487755 train_imit=0.00000000 mean_w=0.0000 active=0.0000 s_dense=0.00 s_pos=0.0000 s_sel=0.0000 s_sel_pos=0.0000 s_hot_err=0.000000 s_bg_err=0.000000 s_gap=0.000000 conf_cos=0.0000 conf_proj=0.00 val_mse=0.33906418 val_mae=0.40897825
[worker2/etth1_early_stop_v1] [etth1_early_stop_v1/all_methods] [time_series][epoch 002] updated live plot
[worker2/etth1_early_stop_v1] [etth1_early_stop_v1/all_methods] [time_series][epoch 003] lambda=0.0000 g_scale=0.000 train_total=0.23353221 train_sup=0.23353221 train_imit=0.00000000 mean_w=0.0000 active=0.0000 s_dense=0.00 s_pos=0.0000 s_sel=0.0000 s_sel_pos=0.0000 s_hot_err=0.000000 s_bg_err=0.000000 s_gap=0.000000 conf_cos=0.0000 conf_proj=0.00 val_mse=0.36546007 val_mae=0.42079596
[worker2/etth1_early_stop_v1] [etth1_early_stop_v1/all_methods] [time_series][epoch 003] updated live plot
[worker2/etth1_early_stop_v1] [etth1_early_stop_v1/all_methods] [time_series][epoch 004] lambda=0.0000 g_scale=0.000 train_total=0.21663951 train_sup=0.21663951 train_imit=0.00000000 mean_w=0.0000 active=0.0000 s_dense=0.00 s_pos=0.0000 s_sel=0.0000 s_sel_pos=0.0000 s_hot_err=0.000000 s_bg_err=0.000000 s_gap=0.000000 conf_cos=0.0000 conf_proj=0.00 val_mse=0.35415484 val_mae=0.40825199
[worker2/etth1_early_stop_v1] [etth1_early_stop_v1/all_methods] [time_series][epoch 004] updated live plot
[worker2/etth1_early_stop_v1] [etth1_early_stop_v1/all_methods] [time_series][epoch 005] lambda=0.0000 g_scale=0.000 train_total=0.20443733 train_sup=0.20443733 train_imit=0.00000000 mean_w=0.0000 active=0.0000 s_dense=0.00 s_pos=0.0000 s_sel=0.0000 s_sel_pos=0.0000 s_hot_err=0.000000 s_bg_err=0.000000 s_gap=0.000000 conf_cos=0.0000 conf_proj=0.00 val_mse=0.32923971 val_mae=0.39018847
[worker2/etth1_early_stop_v1] [etth1_early_stop_v1/all_methods] [time_series][epoch 005] updated live plot
[worker2/etth1_early_stop_v1] [etth1_early_stop_v1/all_methods] [time_series][epoch 006] lambda=0.0000 g_scale=0.000 train_total=0.19059655 train_sup=0.19059655 train_imit=0.00000000 mean_w=0.0000 active=0.0000 s_dense=0.00 s_pos=0.0000 s_sel=0.0000 s_sel_pos=0.0000 s_hot_err=0.000000 s_bg_err=0.000000 s_gap=0.000000 conf_cos=0.0000 conf_proj=0.00 val_mse=0.36049969 val_mae=0.41774316
[worker2/etth1_early_stop_v1] [etth1_early_stop_v1/all_methods] [time_series][epoch 006] updated live plot
[worker2/etth1_early_stop_v1] [etth1_early_stop_v1/all_methods] [time_series][epoch 007] lambda=0.0000 g_scale=0.000 train_total=0.18055947 train_sup=0.18055947 train_imit=0.00000000 mean_w=0.0000 active=0.0000 s_dense=0.00 s_pos=0.0000 s_sel=0.0000 s_sel_pos=0.0000 s_hot_err=0.000000 s_bg_err=0.000000 s_gap=0.000000 conf_cos=0.0000 conf_proj=0.00 val_mse=0.38300143 val_mae=0.42596824
[worker2/etth1_early_stop_v1] [etth1_early_stop_v1/all_methods] [time_series][epoch 007] early stop: no val_mse improvement greater than 0.0005 for 2 epoch(s)
[worker2/etth1_early_stop_v1] [etth1_early_stop_v1/all_methods] [time_series][epoch 007] updated live plot
[worker2/etth1_early_stop_v1] [etth1_early_stop_v1/all_methods] [time_series] done
[worker2/etth1_early_stop_v1] [etth1_early_stop_v1/all_methods] [time_series] dataset=etth1 pair=transformer:dlinear method=dml seed=3 pred_len=24
[worker2/etth1_early_stop_v1] [etth1_early_stop_v1/all_methods] [time_series] run_dir=results/time_series_etth1_early_stop_v1_rerun3_seeds345/time_series/etth1/transformer__dlinear_dml_huber_seed3
[worker2/etth1_early_stop_v1] [etth1_early_stop_v1/all_methods] [time_series] params=419240
[worker2/etth1_early_stop_v1] [etth1_early_stop_v1/all_methods] [time_series][epoch 001] lambda=0.0010 g_scale=0.000 train_total=0.36768676 train_sup=0.36753658 train_imit=0.15018270 mean_w=0.0285 active=0.4463 s_dense=0.00 s_pos=0.0000 s_sel=0.0000 s_sel_pos=0.0000 s_hot_err=0.000000 s_bg_err=0.000000 s_gap=0.000000 conf_cos=0.0000 conf_proj=0.00 val_mse=0.33825468 val_mae=0.41214107 | p_pos=0.0000 p_dense=0.00 p_sel=0.0000 p_sel_pos=0.0000 p_hot_err=0.000000 p_bg_err=0.000000 p_gap=0.000000 peer_val_mse=0.32261687 peer_val_mae=0.38545629
[worker2/etth1_early_stop_v1] [etth1_early_stop_v1/all_methods] [time_series][epoch 001] updated live plot
[worker2/etth1_early_stop_v1] [etth1_early_stop_v1/all_methods] [time_series][epoch 002] lambda=0.0010 g_scale=0.000 train_total=0.25406560 train_sup=0.25395878 train_imit=0.10682067 mean_w=0.0226 active=0.4377 s_dense=0.00 s_pos=0.0000 s_sel=0.0000 s_sel_pos=0.0000 s_hot_err=0.000000 s_bg_err=0.000000 s_gap=0.000000 conf_cos=0.0000 conf_proj=0.00 val_mse=0.33662147 val_mae=0.40344443 | p_pos=0.0000 p_dense=0.00 p_sel=0.0000 p_sel_pos=0.0000 p_hot_err=0.000000 p_bg_err=0.000000 p_gap=0.000000 peer_val_mse=0.29849313 peer_val_mae=0.36800308
[worker2/etth1_early_stop_v1] [etth1_early_stop_v1/all_methods] [time_series][epoch 002] updated live plot
[worker2/etth1_early_stop_v1] [etth1_early_stop_v1/all_methods] [time_series][epoch 003] lambda=0.0010 g_scale=0.000 train_total=0.23287246 train_sup=0.23275785 train_imit=0.11460626 mean_w=0.0254 active=0.4619 s_dense=0.00 s_pos=0.0000 s_sel=0.0000 s_sel_pos=0.0000 s_hot_err=0.000000 s_bg_err=0.000000 s_gap=0.000000 conf_cos=0.0000 conf_proj=0.00 val_mse=0.35541678 val_mae=0.40876959 | p_pos=0.0000 p_dense=0.00 p_sel=0.0000 p_sel_pos=0.0000 p_hot_err=0.000000 p_bg_err=0.000000 p_gap=0.000000 peer_val_mse=0.28740230 peer_val_mae=0.35687421
[worker2/etth1_early_stop_v1] [etth1_early_stop_v1/all_methods] [time_series][epoch 003] updated live plot
[worker2/etth1_early_stop_v1] [etth1_early_stop_v1/all_methods] [time_series][epoch 004] lambda=0.0010 g_scale=0.000 train_total=0.21556177 train_sup=0.21543523 train_imit=0.12653684 mean_w=0.0291 active=0.4977 s_dense=0.00 s_pos=0.0000 s_sel=0.0000 s_sel_pos=0.0000 s_hot_err=0.000000 s_bg_err=0.000000 s_gap=0.000000 conf_cos=0.0000 conf_proj=0.00 val_mse=0.36619913 val_mae=0.41761051 | p_pos=0.0000 p_dense=0.00 p_sel=0.0000 p_sel_pos=0.0000 p_hot_err=0.000000 p_bg_err=0.000000 p_gap=0.000000 peer_val_mse=0.28521287 peer_val_mae=0.35609449
[worker2/etth1_early_stop_v1] [etth1_early_stop_v1/all_methods] [time_series][epoch 004] updated live plot
[worker2/etth1_early_stop_v1] [etth1_early_stop_v1/all_methods] [time_series][epoch 005] lambda=0.0010 g_scale=0.000 train_total=0.20256963 train_sup=0.20243498 train_imit=0.13464376 mean_w=0.0327 active=0.5256 s_dense=0.00 s_pos=0.0000 s_sel=0.0000 s_sel_pos=0.0000 s_hot_err=0.000000 s_bg_err=0.000000 s_gap=0.000000 conf_cos=0.0000 conf_proj=0.00 val_mse=0.37332421 val_mae=0.42057074 | p_pos=0.0000 p_dense=0.00 p_sel=0.0000 p_sel_pos=0.0000 p_hot_err=0.000000 p_bg_err=0.000000 p_gap=0.000000 peer_val_mse=0.28142080 peer_val_mae=0.35101124
[worker2/etth1_early_stop_v1] [etth1_early_stop_v1/all_methods] [time_series][epoch 005] early stop: no val_mse improvement greater than 0.0005 for 2 epoch(s)
[worker2/etth1_early_stop_v1] [etth1_early_stop_v1/all_methods] [time_series][epoch 005] updated live plot
[worker2/etth1_early_stop_v1] [etth1_early_stop_v1/all_methods] [time_series] done
[worker2/etth1_early_stop_v1] [etth1_early_stop_v1/all_methods] [time_series] dataset=etth1 pair=transformer:dlinear method=dml seed=4 pred_len=24
[worker2/etth1_early_stop_v1] [etth1_early_stop_v1/all_methods] [time_series] run_dir=results/time_series_etth1_early_stop_v1_rerun3_seeds345/time_series/etth1/transformer__dlinear_dml_huber_seed4
[worker2/etth1_early_stop_v1] [etth1_early_stop_v1/all_methods] [time_series] params=419240
[worker2/etth1_early_stop_v1] [etth1_early_stop_v1/all_methods] [time_series][epoch 001] lambda=0.0010 g_scale=0.000 train_total=0.36385577 train_sup=0.36371079 train_imit=0.14498470 mean_w=0.0316 active=0.4726 s_dense=0.00 s_pos=0.0000 s_sel=0.0000 s_sel_pos=0.0000 s_hot_err=0.000000 s_bg_err=0.000000 s_gap=0.000000 conf_cos=0.0000 conf_proj=0.00 val_mse=0.33368486 val_mae=0.40016494 | p_pos=0.0000 p_dense=0.00 p_sel=0.0000 p_sel_pos=0.0000 p_hot_err=0.000000 p_bg_err=0.000000 p_gap=0.000000 peer_val_mse=0.32134079 peer_val_mae=0.38613644
[worker2/etth1_early_stop_v1] [etth1_early_stop_v1/all_methods] [time_series][epoch 001] updated live plot
[worker2/etth1_early_stop_v1] [etth1_early_stop_v1/all_methods] [time_series][epoch 002] lambda=0.0010 g_scale=0.000 train_total=0.25397182 train_sup=0.25386241 train_imit=0.10940970 mean_w=0.0229 active=0.4576 s_dense=0.00 s_pos=0.0000 s_sel=0.0000 s_sel_pos=0.0000 s_hot_err=0.000000 s_bg_err=0.000000 s_gap=0.000000 conf_cos=0.0000 conf_proj=0.00 val_mse=0.34733937 val_mae=0.41289326 | p_pos=0.0000 p_dense=0.00 p_sel=0.0000 p_sel_pos=0.0000 p_hot_err=0.000000 p_bg_err=0.000000 p_gap=0.000000 peer_val_mse=0.29973309 peer_val_mae=0.36738929
[worker2/etth1_early_stop_v1] [etth1_early_stop_v1/all_methods] [time_series][epoch 002] updated live plot
[worker2/etth1_early_stop_v1] [etth1_early_stop_v1/all_methods] [time_series][epoch 003] lambda=0.0010 g_scale=0.000 train_total=0.23435279 train_sup=0.23423792 train_imit=0.11487862 mean_w=0.0251 active=0.4735 s_dense=0.00 s_pos=0.0000 s_sel=0.0000 s_sel_pos=0.0000 s_hot_err=0.000000 s_bg_err=0.000000 s_gap=0.000000 conf_cos=0.0000 conf_proj=0.00 val_mse=0.38824475 val_mae=0.43626201 | p_pos=0.0000 p_dense=0.00 p_sel=0.0000 p_sel_pos=0.0000 p_hot_err=0.000000 p_bg_err=0.000000 p_gap=0.000000 peer_val_mse=0.28922864 peer_val_mae=0.35723899
[worker2/etth1_early_stop_v1] [etth1_early_stop_v1/all_methods] [time_series][epoch 003] updated live plot
[worker2/etth1_early_stop_v1] [etth1_early_stop_v1/all_methods] [time_series][epoch 004] lambda=0.0010 g_scale=0.000 train_total=0.21891360 train_sup=0.21879137 train_imit=0.12222950 mean_w=0.0285 active=0.5039 s_dense=0.00 s_pos=0.0000 s_sel=0.0000 s_sel_pos=0.0000 s_hot_err=0.000000 s_bg_err=0.000000 s_gap=0.000000 conf_cos=0.0000 conf_proj=0.00 val_mse=0.34817359 val_mae=0.40322778 | p_pos=0.0000 p_dense=0.00 p_sel=0.0000 p_sel_pos=0.0000 p_hot_err=0.000000 p_bg_err=0.000000 p_gap=0.000000 peer_val_mse=0.28678704 peer_val_mae=0.35740676
[worker2/etth1_early_stop_v1] [etth1_early_stop_v1/all_methods] [time_series][epoch 004] updated live plot
[worker2/etth1_early_stop_v1] [etth1_early_stop_v1/all_methods] [time_series][epoch 005] lambda=0.0010 g_scale=0.000 train_total=0.20758742 train_sup=0.20745597 train_imit=0.13144901 mean_w=0.0312 active=0.5197 s_dense=0.00 s_pos=0.0000 s_sel=0.0000 s_sel_pos=0.0000 s_hot_err=0.000000 s_bg_err=0.000000 s_gap=0.000000 conf_cos=0.0000 conf_proj=0.00 val_mse=0.34006690 val_mae=0.40905533 | p_pos=0.0000 p_dense=0.00 p_sel=0.0000 p_sel_pos=0.0000 p_hot_err=0.000000 p_bg_err=0.000000 p_gap=0.000000 peer_val_mse=0.28108946 peer_val_mae=0.34962738
[worker2/etth1_early_stop_v1] [etth1_early_stop_v1/all_methods] [time_series][epoch 005] early stop: no val_mse improvement greater than 0.0005 for 2 epoch(s)
[worker2/etth1_early_stop_v1] [etth1_early_stop_v1/all_methods] [time_series][epoch 005] updated live plot
[worker2/etth1_early_stop_v1] [etth1_early_stop_v1/all_methods] [time_series] done
[worker2/etth1_early_stop_v1] [etth1_early_stop_v1/all_methods] [time_series] dataset=etth1 pair=transformer:dlinear method=dml seed=5 pred_len=24
[worker2/etth1_early_stop_v1] [etth1_early_stop_v1/all_methods] [time_series] run_dir=results/time_series_etth1_early_stop_v1_rerun3_seeds345/time_series/etth1/transformer__dlinear_dml_huber_seed5
[worker2/etth1_early_stop_v1] [etth1_early_stop_v1/all_methods] [time_series] params=419240
[worker2/etth1_early_stop_v1] [etth1_early_stop_v1/all_methods] [time_series][epoch 001] lambda=0.0010 g_scale=0.000 train_total=0.36515794 train_sup=0.36501248 train_imit=0.14545288 mean_w=0.0278 active=0.4560 s_dense=0.00 s_pos=0.0000 s_sel=0.0000 s_sel_pos=0.0000 s_hot_err=0.000000 s_bg_err=0.000000 s_gap=0.000000 conf_cos=0.0000 conf_proj=0.00 val_mse=0.34704303 val_mae=0.41113797 | p_pos=0.0000 p_dense=0.00 p_sel=0.0000 p_sel_pos=0.0000 p_hot_err=0.000000 p_bg_err=0.000000 p_gap=0.000000 peer_val_mse=0.31940099 peer_val_mae=0.38459981
[worker2/etth1_early_stop_v1] [etth1_early_stop_v1/all_methods] [time_series][epoch 001] updated live plot
[worker2/etth1_early_stop_v1] [etth1_early_stop_v1/all_methods] [time_series][epoch 002] lambda=0.0010 g_scale=0.000 train_total=0.25509873 train_sup=0.25499645 train_imit=0.10228437 mean_w=0.0225 active=0.4427 s_dense=0.00 s_pos=0.0000 s_sel=0.0000 s_sel_pos=0.0000 s_hot_err=0.000000 s_bg_err=0.000000 s_gap=0.000000 conf_cos=0.0000 conf_proj=0.00 val_mse=0.33765272 val_mae=0.40207287 | p_pos=0.0000 p_dense=0.00 p_sel=0.0000 p_sel_pos=0.0000 p_hot_err=0.000000 p_bg_err=0.000000 p_gap=0.000000 peer_val_mse=0.29725414 peer_val_mae=0.36629634
[worker2/etth1_early_stop_v1] [etth1_early_stop_v1/all_methods] [time_series][epoch 002] updated live plot
[worker2/etth1_early_stop_v1] [etth1_early_stop_v1/all_methods] [time_series][epoch 003] lambda=0.0010 g_scale=0.000 train_total=0.23416648 train_sup=0.23405970 train_imit=0.10677393 mean_w=0.0251 active=0.4619 s_dense=0.00 s_pos=0.0000 s_sel=0.0000 s_sel_pos=0.0000 s_hot_err=0.000000 s_bg_err=0.000000 s_gap=0.000000 conf_cos=0.0000 conf_proj=0.00 val_mse=0.33096140 val_mae=0.39564632 | p_pos=0.0000 p_dense=0.00 p_sel=0.0000 p_sel_pos=0.0000 p_hot_err=0.000000 p_bg_err=0.000000 p_gap=0.000000 peer_val_mse=0.28694134 peer_val_mae=0.35484236
[worker2/etth1_early_stop_v1] [etth1_early_stop_v1/all_methods] [time_series][epoch 003] updated live plot
[worker2/etth1_early_stop_v1] [etth1_early_stop_v1/all_methods] [time_series][epoch 004] lambda=0.0010 g_scale=0.000 train_total=0.21650476 train_sup=0.21638188 train_imit=0.12288205 mean_w=0.0287 active=0.4982 s_dense=0.00 s_pos=0.0000 s_sel=0.0000 s_sel_pos=0.0000 s_hot_err=0.000000 s_bg_err=0.000000 s_gap=0.000000 conf_cos=0.0000 conf_proj=0.00 val_mse=0.39035888 val_mae=0.43718504 | p_pos=0.0000 p_dense=0.00 p_sel=0.0000 p_sel_pos=0.0000 p_hot_err=0.000000 p_bg_err=0.000000 p_gap=0.000000 peer_val_mse=0.28426721 peer_val_mae=0.35362817
[worker2/etth1_early_stop_v1] [etth1_early_stop_v1/all_methods] [time_series][epoch 004] updated live plot
[worker2/etth1_early_stop_v1] [etth1_early_stop_v1/all_methods] [time_series][epoch 005] lambda=0.0010 g_scale=0.000 train_total=0.20330978 train_sup=0.20317433 train_imit=0.13544369 mean_w=0.0322 active=0.5319 s_dense=0.00 s_pos=0.0000 s_sel=0.0000 s_sel_pos=0.0000 s_hot_err=0.000000 s_bg_err=0.000000 s_gap=0.000000 conf_cos=0.0000 conf_proj=0.00 val_mse=0.34821629 val_mae=0.40396456 | p_pos=0.0000 p_dense=0.00 p_sel=0.0000 p_sel_pos=0.0000 p_hot_err=0.000000 p_bg_err=0.000000 p_gap=0.000000 peer_val_mse=0.27938996 peer_val_mae=0.34720029
[worker2/etth1_early_stop_v1] [etth1_early_stop_v1/all_methods] [time_series][epoch 005] early stop: no val_mse improvement greater than 0.0005 for 2 epoch(s)
[worker2/etth1_early_stop_v1] [etth1_early_stop_v1/all_methods] [time_series][epoch 005] updated live plot
[worker2/etth1_early_stop_v1] [etth1_early_stop_v1/all_methods] [time_series] done
[worker2/etth1_early_stop_v1] [etth1_early_stop_v1/all_methods] [time_series] dataset=etth1 pair=transformer:dlinear method=ssml seed=3 pred_len=24
[worker2/etth1_early_stop_v1] [etth1_early_stop_v1/all_methods] [time_series] run_dir=results/time_series_etth1_early_stop_v1_rerun3_seeds345/time_series/etth1/transformer__dlinear_ssml_huber_seed3
[worker2/etth1_early_stop_v1] [etth1_early_stop_v1/all_methods] [time_series] params=419240
[worker2/etth1_early_stop_v1] [etth1_early_stop_v1/all_methods] [time_series][epoch 001] lambda=0.0000 g_scale=0.000 train_total=0.36749617 train_sup=0.36749617 train_imit=0.00000000 mean_w=0.0000 active=0.0000 s_dense=0.00 s_pos=0.4216 s_sel=0.0000 s_sel_pos=0.0000 s_hot_err=0.000000 s_bg_err=0.367496 s_gap=0.000000 conf_cos=0.0000 conf_proj=0.00 val_mse=0.33871390 val_mae=0.41204357 | p_pos=0.4078 p_dense=0.00 p_sel=0.0000 p_sel_pos=0.0000 p_hot_err=0.000000 p_bg_err=0.397486 p_gap=0.000000 peer_val_mse=0.32263154 peer_val_mae=0.38546588
[worker2/etth1_early_stop_v1] [etth1_early_stop_v1/all_methods] [time_series][epoch 001] updated live plot
[worker2/etth1_early_stop_v1] [etth1_early_stop_v1/all_methods] [time_series][epoch 002] lambda=0.0000 g_scale=0.000 train_total=0.25394385 train_sup=0.25394385 train_imit=0.00000000 mean_w=0.0000 active=0.0000 s_dense=0.00 s_pos=0.3878 s_sel=0.0000 s_sel_pos=0.0000 s_hot_err=0.000000 s_bg_err=0.253944 s_gap=0.000000 conf_cos=0.0000 conf_proj=0.00 val_mse=0.33516022 val_mae=0.40195207 | p_pos=0.3859 p_dense=0.00 p_sel=0.0000 p_sel_pos=0.0000 p_hot_err=0.000000 p_bg_err=0.282979 p_gap=0.000000 peer_val_mse=0.29850313 peer_val_mae=0.36800918
[worker2/etth1_early_stop_v1] [etth1_early_stop_v1/all_methods] [time_series][epoch 002] updated live plot
[worker2/etth1_early_stop_v1] [etth1_early_stop_v1/all_methods] [time_series][epoch 003] lambda=0.0000 g_scale=0.000 train_total=0.23284850 train_sup=0.23284850 train_imit=0.00000000 mean_w=0.0000 active=0.0000 s_dense=0.00 s_pos=0.3775 s_sel=0.0000 s_sel_pos=0.0000 s_hot_err=0.000000 s_bg_err=0.232849 s_gap=0.000000 conf_cos=0.0000 conf_proj=0.00 val_mse=0.35427731 val_mae=0.40829453 | p_pos=0.3827 p_dense=0.00 p_sel=0.0000 p_sel_pos=0.0000 p_hot_err=0.000000 p_bg_err=0.270492 p_gap=0.000000 peer_val_mse=0.28741224 peer_val_mae=0.35688253
[worker2/etth1_early_stop_v1] [etth1_early_stop_v1/all_methods] [time_series][epoch 003] updated live plot
[worker2/etth1_early_stop_v1] [etth1_early_stop_v1/all_methods] [time_series][epoch 004] lambda=0.0000 g_scale=0.000 train_total=0.21549456 train_sup=0.21549456 train_imit=0.00000000 mean_w=0.0000 active=0.0000 s_dense=0.00 s_pos=0.3662 s_sel=0.0000 s_sel_pos=0.0000 s_hot_err=0.000000 s_bg_err=0.215495 s_gap=0.000000 conf_cos=0.0000 conf_proj=0.00 val_mse=0.35586969 val_mae=0.41075546 | p_pos=0.3845 p_dense=0.00 p_sel=0.0000 p_sel_pos=0.0000 p_hot_err=0.000000 p_bg_err=0.264695 p_gap=0.000000 peer_val_mse=0.28521837 peer_val_mae=0.35609569
[worker2/etth1_early_stop_v1] [etth1_early_stop_v1/all_methods] [time_series][epoch 004] updated live plot
[worker2/etth1_early_stop_v1] [etth1_early_stop_v1/all_methods] [time_series][epoch 005] lambda=0.0000 g_scale=0.000 train_total=0.20226227 train_sup=0.20226227 train_imit=0.00000000 mean_w=0.0000 active=0.0000 s_dense=0.00 s_pos=0.3601 s_sel=0.0000 s_sel_pos=0.0000 s_hot_err=0.000000 s_bg_err=0.202262 s_gap=0.000000 conf_cos=0.0000 conf_proj=0.00 val_mse=0.37786941 val_mae=0.42135494 | p_pos=0.3886 p_dense=0.00 p_sel=0.0000 p_sel_pos=0.0000 p_hot_err=0.000000 p_bg_err=0.261617 p_gap=0.000000 peer_val_mse=0.28142633 peer_val_mae=0.35101414
[worker2/etth1_early_stop_v1] [etth1_early_stop_v1/all_methods] [time_series][epoch 005] early stop: no val_mse improvement greater than 0.0005 for 2 epoch(s)
[worker2/etth1_early_stop_v1] [etth1_early_stop_v1/all_methods] [time_series][epoch 005] updated live plot
[worker2/etth1_early_stop_v1] [etth1_early_stop_v1/all_methods] [time_series][ssml_diag] gate_mode=peer_better_student_error score_transform=none window_score_k=1 smooth_k=1 expand_k=1 tail_start=0.00 residual_beta=1.000 ema_decay=0.000 weight_mode=score freeze_peer=False worse_only=False anchor_w=0.00000 imit_space=raw residual_space_k=9 conflict_proj=0 topk_scope=total max_sel=1.000 adaptive_dense_thr=1.100 positive_upper_q=1.000 guidance_schedule=warmup_then_decay first_active_epoch=None best_before_active=0.33516022@2 best_after_active=none
[worker2/etth1_early_stop_v1] [etth1_early_stop_v1/all_methods] [time_series] done
[worker2/etth1_early_stop_v1] [etth1_early_stop_v1/all_methods] [time_series] dataset=etth1 pair=transformer:dlinear method=ssml seed=4 pred_len=24
[worker2/etth1_early_stop_v1] [etth1_early_stop_v1/all_methods] [time_series] run_dir=results/time_series_etth1_early_stop_v1_rerun3_seeds345/time_series/etth1/transformer__dlinear_ssml_huber_seed4
[worker2/etth1_early_stop_v1] [etth1_early_stop_v1/all_methods] [time_series] params=419240
[worker2/etth1_early_stop_v1] [etth1_early_stop_v1/all_methods] [time_series][epoch 001] lambda=0.0000 g_scale=0.000 train_total=0.36377066 train_sup=0.36377066 train_imit=0.00000000 mean_w=0.0000 active=0.0000 s_dense=0.00 s_pos=0.4170 s_sel=0.0000 s_sel_pos=0.0000 s_hot_err=0.000000 s_bg_err=0.363771 s_gap=0.000000 conf_cos=0.0000 conf_proj=0.00 val_mse=0.33369513 val_mae=0.40017756 | p_pos=0.4124 p_dense=0.00 p_sel=0.0000 p_sel_pos=0.0000 p_hot_err=0.000000 p_bg_err=0.406948 p_gap=0.000000 peer_val_mse=0.32135233 peer_val_mae=0.38614531
[worker2/etth1_early_stop_v1] [etth1_early_stop_v1/all_methods] [time_series][epoch 001] updated live plot
[worker2/etth1_early_stop_v1] [etth1_early_stop_v1/all_methods] [time_series][epoch 002] lambda=0.0000 g_scale=0.000 train_total=0.25376894 train_sup=0.25376894 train_imit=0.00000000 mean_w=0.0000 active=0.0000 s_dense=0.00 s_pos=0.3880 s_sel=0.0000 s_sel_pos=0.0000 s_hot_err=0.000000 s_bg_err=0.253769 s_gap=0.000000 conf_cos=0.0000 conf_proj=0.00 val_mse=0.34678440 val_mae=0.41127921 | p_pos=0.3879 p_dense=0.00 p_sel=0.0000 p_sel_pos=0.0000 p_hot_err=0.000000 p_bg_err=0.284086 p_gap=0.000000 peer_val_mse=0.29974366 peer_val_mae=0.36739628
[worker2/etth1_early_stop_v1] [etth1_early_stop_v1/all_methods] [time_series][epoch 002] updated live plot
[worker2/etth1_early_stop_v1] [etth1_early_stop_v1/all_methods] [time_series][epoch 003] lambda=0.0000 g_scale=0.000 train_total=0.23423639 train_sup=0.23423639 train_imit=0.00000000 mean_w=0.0000 active=0.0000 s_dense=0.00 s_pos=0.3786 s_sel=0.0000 s_sel_pos=0.0000 s_hot_err=0.000000 s_bg_err=0.234236 s_gap=0.000000 conf_cos=0.0000 conf_proj=0.00 val_mse=0.38687456 val_mae=0.43473607 | p_pos=0.3833 p_dense=0.00 p_sel=0.0000 p_sel_pos=0.0000 p_hot_err=0.000000 p_bg_err=0.271939 p_gap=0.000000 peer_val_mse=0.28923508 peer_val_mae=0.35724098
[worker2/etth1_early_stop_v1] [etth1_early_stop_v1/all_methods] [time_series][epoch 003] updated live plot
[worker2/etth1_early_stop_v1] [etth1_early_stop_v1/all_methods] [time_series][epoch 004] lambda=0.0000 g_scale=0.000 train_total=0.21882105 train_sup=0.21882105 train_imit=0.00000000 mean_w=0.0000 active=0.0000 s_dense=0.00 s_pos=0.3694 s_sel=0.0000 s_sel_pos=0.0000 s_hot_err=0.000000 s_bg_err=0.218821 s_gap=0.000000 conf_cos=0.0000 conf_proj=0.00 val_mse=0.34943770 val_mae=0.40356831 | p_pos=0.3851 p_dense=0.00 p_sel=0.0000 p_sel_pos=0.0000 p_hot_err=0.000000 p_bg_err=0.266097 p_gap=0.000000 peer_val_mse=0.28678536 peer_val_mae=0.35739650
[worker2/etth1_early_stop_v1] [etth1_early_stop_v1/all_methods] [time_series][epoch 004] updated live plot
[worker2/etth1_early_stop_v1] [etth1_early_stop_v1/all_methods] [time_series][epoch 005] lambda=0.0000 g_scale=0.000 train_total=0.20718665 train_sup=0.20718665 train_imit=0.00000000 mean_w=0.0000 active=0.0000 s_dense=0.00 s_pos=0.3628 s_sel=0.0000 s_sel_pos=0.0000 s_hot_err=0.000000 s_bg_err=0.207187 s_gap=0.000000 conf_cos=0.0000 conf_proj=0.00 val_mse=0.33624683 val_mae=0.40576690 | p_pos=0.3859 p_dense=0.00 p_sel=0.0000 p_sel_pos=0.0000 p_hot_err=0.000000 p_bg_err=0.262388 p_gap=0.000000 peer_val_mse=0.28109675 peer_val_mae=0.34963366
[worker2/etth1_early_stop_v1] [etth1_early_stop_v1/all_methods] [time_series][epoch 005] early stop: no val_mse improvement greater than 0.0005 for 2 epoch(s)
[worker2/etth1_early_stop_v1] [etth1_early_stop_v1/all_methods] [time_series][epoch 005] updated live plot
[worker2/etth1_early_stop_v1] [etth1_early_stop_v1/all_methods] [time_series][ssml_diag] gate_mode=peer_better_student_error score_transform=none window_score_k=1 smooth_k=1 expand_k=1 tail_start=0.00 residual_beta=1.000 ema_decay=0.000 weight_mode=score freeze_peer=False worse_only=False anchor_w=0.00000 imit_space=raw residual_space_k=9 conflict_proj=0 topk_scope=total max_sel=1.000 adaptive_dense_thr=1.100 positive_upper_q=1.000 guidance_schedule=warmup_then_decay first_active_epoch=None best_before_active=0.33369513@1 best_after_active=none
[worker2/etth1_early_stop_v1] [etth1_early_stop_v1/all_methods] [time_series] done
[worker2/etth1_early_stop_v1] [etth1_early_stop_v1/all_methods] [time_series] dataset=etth1 pair=transformer:dlinear method=ssml seed=5 pred_len=24
[worker2/etth1_early_stop_v1] [etth1_early_stop_v1/all_methods] [time_series] run_dir=results/time_series_etth1_early_stop_v1_rerun3_seeds345/time_series/etth1/transformer__dlinear_ssml_huber_seed5
[worker2/etth1_early_stop_v1] [etth1_early_stop_v1/all_methods] [time_series] params=419240
[worker2/etth1_early_stop_v1] [etth1_early_stop_v1/all_methods] [time_series][epoch 001] lambda=0.0000 g_scale=0.000 train_total=0.36497698 train_sup=0.36497698 train_imit=0.00000000 mean_w=0.0000 active=0.0000 s_dense=0.00 s_pos=0.4168 s_sel=0.0000 s_sel_pos=0.0000 s_hot_err=0.000000 s_bg_err=0.364977 s_gap=0.000000 conf_cos=0.0000 conf_proj=0.00 val_mse=0.34846062 val_mae=0.41167896 | p_pos=0.4094 p_dense=0.00 p_sel=0.0000 p_sel_pos=0.0000 p_hot_err=0.000000 p_bg_err=0.395333 p_gap=0.000000 peer_val_mse=0.31941681 peer_val_mae=0.38461431
[worker2/etth1_early_stop_v1] [etth1_early_stop_v1/all_methods] [time_series][epoch 001] updated live plot
[worker2/etth1_early_stop_v1] [etth1_early_stop_v1/all_methods] [time_series][epoch 002] lambda=0.0000 g_scale=0.000 train_total=0.25493088 train_sup=0.25493088 train_imit=0.00000000 mean_w=0.0000 active=0.0000 s_dense=0.00 s_pos=0.3886 s_sel=0.0000 s_sel_pos=0.0000 s_hot_err=0.000000 s_bg_err=0.254931 s_gap=0.000000 conf_cos=0.0000 conf_proj=0.00 val_mse=0.33808740 val_mae=0.40294402 | p_pos=0.3845 p_dense=0.00 p_sel=0.0000 p_sel_pos=0.0000 p_hot_err=0.000000 p_bg_err=0.283387 p_gap=0.000000 peer_val_mse=0.29726464 peer_val_mae=0.36630491
[worker2/etth1_early_stop_v1] [etth1_early_stop_v1/all_methods] [time_series][epoch 002] updated live plot
[worker2/etth1_early_stop_v1] [etth1_early_stop_v1/all_methods] [time_series][epoch 003] lambda=0.0000 g_scale=0.000 train_total=0.23384376 train_sup=0.23384376 train_imit=0.00000000 mean_w=0.0000 active=0.0000 s_dense=0.00 s_pos=0.3793 s_sel=0.0000 s_sel_pos=0.0000 s_hot_err=0.000000 s_bg_err=0.233844 s_gap=0.000000 conf_cos=0.0000 conf_proj=0.00 val_mse=0.33439965 val_mae=0.39702102 | p_pos=0.3803 p_dense=0.00 p_sel=0.0000 p_sel_pos=0.0000 p_hot_err=0.000000 p_bg_err=0.270754 p_gap=0.000000 peer_val_mse=0.28694757 peer_val_mae=0.35484526
[worker2/etth1_early_stop_v1] [etth1_early_stop_v1/all_methods] [time_series][epoch 003] updated live plot
[worker2/etth1_early_stop_v1] [etth1_early_stop_v1/all_methods] [time_series][epoch 004] lambda=0.0000 g_scale=0.000 train_total=0.21620962 train_sup=0.21620962 train_imit=0.00000000 mean_w=0.0000 active=0.0000 s_dense=0.00 s_pos=0.3678 s_sel=0.0000 s_sel_pos=0.0000 s_hot_err=0.000000 s_bg_err=0.216210 s_gap=0.000000 conf_cos=0.0000 conf_proj=0.00 val_mse=0.38789196 val_mae=0.43431456 | p_pos=0.3834 p_dense=0.00 p_sel=0.0000 p_sel_pos=0.0000 p_hot_err=0.000000 p_bg_err=0.265074 p_gap=0.000000 peer_val_mse=0.28427317 peer_val_mae=0.35363165
[worker2/etth1_early_stop_v1] [etth1_early_stop_v1/all_methods] [time_series][epoch 004] updated live plot
[worker2/etth1_early_stop_v1] [etth1_early_stop_v1/all_methods] [time_series][epoch 005] lambda=0.0000 g_scale=0.000 train_total=0.20329118 train_sup=0.20329118 train_imit=0.00000000 mean_w=0.0000 active=0.0000 s_dense=0.00 s_pos=0.3586 s_sel=0.0000 s_sel_pos=0.0000 s_hot_err=0.000000 s_bg_err=0.203291 s_gap=0.000000 conf_cos=0.0000 conf_proj=0.00 val_mse=0.34374819 val_mae=0.40218017 | p_pos=0.3873 p_dense=0.00 p_sel=0.0000 p_sel_pos=0.0000 p_hot_err=0.000000 p_bg_err=0.261633 p_gap=0.000000 peer_val_mse=0.27939601 peer_val_mae=0.34720466
[worker2/etth1_early_stop_v1] [etth1_early_stop_v1/all_methods] [time_series][epoch 005] early stop: no val_mse improvement greater than 0.0005 for 2 epoch(s)
[worker2/etth1_early_stop_v1] [etth1_early_stop_v1/all_methods] [time_series][epoch 005] updated live plot
[worker2/etth1_early_stop_v1] [etth1_early_stop_v1/all_methods] [time_series][ssml_diag] gate_mode=peer_better_student_error score_transform=none window_score_k=1 smooth_k=1 expand_k=1 tail_start=0.00 residual_beta=1.000 ema_decay=0.000 weight_mode=score freeze_peer=False worse_only=False anchor_w=0.00000 imit_space=raw residual_space_k=9 conflict_proj=0 topk_scope=total max_sel=1.000 adaptive_dense_thr=1.100 positive_upper_q=1.000 guidance_schedule=warmup_then_decay first_active_epoch=None best_before_active=0.33439965@3 best_after_active=none
[worker2/etth1_early_stop_v1] [etth1_early_stop_v1/all_methods] [time_series] done
[worker2_etth1_early_stop_v1] job finished
